[inspect] train: rows=520841, cols=3787, feature_count=3780, class_nunique=178
[inspect] validation: rows=173614, cols=3787, feature_count=3780, class_nunique=178
[inspect] test: rows=173614, cols=3787, feature_count=3780, class_nunique=178
[train] Scanning feature batches (rows=520841, features=3780, batch_size=1024)...
[train] batches=1 scanned_rows=1024/520841
[train] batches=25 scanned_rows=25600/520841
[train] batches=50 scanned_rows=51200/520841
[train] batches=75 scanned_rows=76800/520841
[train] batches=100 scanned_rows=102400/520841
[train] batches=125 scanned_rows=128000/520841
[train] batches=150 scanned_rows=153600/520841
[train] batches=175 scanned_rows=179200/520841
[train] batches=200 scanned_rows=204800/520841
[train] batches=225 scanned_rows=230400/520841
[train] batches=250 scanned_rows=256000/520841
[train] batches=275 scanned_rows=281600/520841
[train] batches=300 scanned_rows=307200/520841
[train] batches=325 scanned_rows=332800/520841
[train] batches=350 scanned_rows=358400/520841
[train] batches=375 scanned_rows=384000/520841
[train] batches=400 scanned_rows=409600/520841
[train] batches=425 scanned_rows=435200/520841
[train] batches=450 scanned_rows=460800/520841
[train] batches=475 scanned_rows=486400/520841
[train] batches=500 scanned_rows=512000/520841
[validation] Scanning feature batches (rows=173614, features=3780, batch_size=1024)...
[validation] batches=1 scanned_rows=1024/173614
[validation] batches=25 scanned_rows=25600/173614
[validation] batches=50 scanned_rows=51200/173614
[validation] batches=75 scanned_rows=76800/173614
[validation] batches=100 scanned_rows=102400/173614
[validation] batches=125 scanned_rows=128000/173614
[validation] batches=150 scanned_rows=153600/173614
[test] Scanning feature batches (rows=173614, features=3780, batch_size=1024)...
[test] batches=1 scanned_rows=1024/173614
[test] batches=25 scanned_rows=25600/173614
[test] batches=50 scanned_rows=51200/173614
[test] batches=75 scanned_rows=76800/173614
[test] batches=100 scanned_rows=102400/173614
[test] batches=125 scanned_rows=128000/173614
[test] batches=150 scanned_rows=153600/173614
[done] Wrote audit artifacts to: /mnt/data/uyen/data_splits/outputs/audit
