
[2026-07-08 02:01:51] Conda environment ddi2025-cil already exists

[2026-07-08 02:01:51] Activated conda environment ddi2025-cil

[2026-07-08 02:01:51] Installing Python requirements
Requirement already satisfied: pip in /home/hien/occho/envs/ddi2025-cil/lib/python3.11/site-packages (26.1.2)
Requirement already satisfied: setuptools in /home/hien/occho/envs/ddi2025-cil/lib/python3.11/site-packages (81.0.0)
Collecting setuptools
  Using cached setuptools-83.0.0-py3-none-any.whl.metadata (6.6 kB)
Requirement already satisfied: wheel in /home/hien/occho/envs/ddi2025-cil/lib/python3.11/site-packages (0.47.0)
Requirement already satisfied: packaging>=24.0 in /home/hien/occho/envs/ddi2025-cil/lib/python3.11/site-packages (from wheel) (26.2)
Using cached setuptools-83.0.0-py3-none-any.whl (1.0 MB)
Installing collected packages: setuptools
  Attempting uninstall: setuptools
    Found existing installation: setuptools 81.0.0
    Uninstalling setuptools-81.0.0:
      Successfully uninstalled setuptools-81.0.0
ERROR: pip's dependency resolver does not currently take into account all the packages that are installed. This behaviour is the source of the following dependency conflicts.
torch 2.12.1 requires setuptools<82, but you have setuptools 83.0.0 which is incompatible.
Successfully installed setuptools-83.0.0
Requirement already satisfied: numpy>=2.1 in /home/hien/occho/envs/ddi2025-cil/lib/python3.11/site-packages (from -r /mnt/data/uyen/data_splits/requirements.txt (line 1)) (2.4.6)
Requirement already satisfied: pandas>=2.2 in /home/hien/occho/envs/ddi2025-cil/lib/python3.11/site-packages (from -r /mnt/data/uyen/data_splits/requirements.txt (line 2)) (3.0.3)
Requirement already satisfied: pyarrow>=21.0 in /home/hien/occho/envs/ddi2025-cil/lib/python3.11/site-packages (from -r /mnt/data/uyen/data_splits/requirements.txt (line 3)) (24.0.0)
Requirement already satisfied: matplotlib>=3.9 in /home/hien/occho/envs/ddi2025-cil/lib/python3.11/site-packages (from -r /mnt/data/uyen/data_splits/requirements.txt (line 4)) (3.11.0)
Requirement already satisfied: scikit-learn>=1.6 in /home/hien/occho/envs/ddi2025-cil/lib/python3.11/site-packages (from -r /mnt/data/uyen/data_splits/requirements.txt (line 5)) (1.9.0)
Requirement already satisfied: torch>=2.5 in /home/hien/occho/envs/ddi2025-cil/lib/python3.11/site-packages (from -r /mnt/data/uyen/data_splits/requirements.txt (line 6)) (2.12.1)
Requirement already satisfied: python-dateutil>=2.8.2 in /home/hien/occho/envs/ddi2025-cil/lib/python3.11/site-packages (from pandas>=2.2->-r /mnt/data/uyen/data_splits/requirements.txt (line 2)) (2.9.0.post0)
Requirement already satisfied: contourpy>=1.0.1 in /home/hien/occho/envs/ddi2025-cil/lib/python3.11/site-packages (from matplotlib>=3.9->-r /mnt/data/uyen/data_splits/requirements.txt (line 4)) (1.3.3)
Requirement already satisfied: cycler>=0.10 in /home/hien/occho/envs/ddi2025-cil/lib/python3.11/site-packages (from matplotlib>=3.9->-r /mnt/data/uyen/data_splits/requirements.txt (line 4)) (0.12.1)
Requirement already satisfied: fonttools>=4.22.0 in /home/hien/occho/envs/ddi2025-cil/lib/python3.11/site-packages (from matplotlib>=3.9->-r /mnt/data/uyen/data_splits/requirements.txt (line 4)) (4.63.0)
Requirement already satisfied: kiwisolver>=1.3.1 in /home/hien/occho/envs/ddi2025-cil/lib/python3.11/site-packages (from matplotlib>=3.9->-r /mnt/data/uyen/data_splits/requirements.txt (line 4)) (1.5.0)
Requirement already satisfied: packaging>=20.0 in /home/hien/occho/envs/ddi2025-cil/lib/python3.11/site-packages (from matplotlib>=3.9->-r /mnt/data/uyen/data_splits/requirements.txt (line 4)) (26.2)
Requirement already satisfied: pillow>=9 in /home/hien/occho/envs/ddi2025-cil/lib/python3.11/site-packages (from matplotlib>=3.9->-r /mnt/data/uyen/data_splits/requirements.txt (line 4)) (12.3.0)
Requirement already satisfied: pyparsing>=3 in /home/hien/occho/envs/ddi2025-cil/lib/python3.11/site-packages (from matplotlib>=3.9->-r /mnt/data/uyen/data_splits/requirements.txt (line 4)) (3.3.2)
Requirement already satisfied: scipy>=1.10.0 in /home/hien/occho/envs/ddi2025-cil/lib/python3.11/site-packages (from scikit-learn>=1.6->-r /mnt/data/uyen/data_splits/requirements.txt (line 5)) (1.17.1)
Requirement already satisfied: joblib>=1.4.0 in /home/hien/occho/envs/ddi2025-cil/lib/python3.11/site-packages (from scikit-learn>=1.6->-r /mnt/data/uyen/data_splits/requirements.txt (line 5)) (1.5.3)
Requirement already satisfied: narwhals>=2.0.1 in /home/hien/occho/envs/ddi2025-cil/lib/python3.11/site-packages (from scikit-learn>=1.6->-r /mnt/data/uyen/data_splits/requirements.txt (line 5)) (2.23.0)
Requirement already satisfied: threadpoolctl>=3.5.0 in /home/hien/occho/envs/ddi2025-cil/lib/python3.11/site-packages (from scikit-learn>=1.6->-r /mnt/data/uyen/data_splits/requirements.txt (line 5)) (3.6.0)
Requirement already satisfied: filelock in /home/hien/occho/envs/ddi2025-cil/lib/python3.11/site-packages (from torch>=2.5->-r /mnt/data/uyen/data_splits/requirements.txt (line 6)) (3.29.6)
Requirement already satisfied: typing-extensions>=4.10.0 in /home/hien/occho/envs/ddi2025-cil/lib/python3.11/site-packages (from torch>=2.5->-r /mnt/data/uyen/data_splits/requirements.txt (line 6)) (4.16.0)
Collecting setuptools<82 (from torch>=2.5->-r /mnt/data/uyen/data_splits/requirements.txt (line 6))
  Using cached setuptools-81.0.0-py3-none-any.whl.metadata (6.6 kB)
Requirement already satisfied: sympy>=1.13.3 in /home/hien/occho/envs/ddi2025-cil/lib/python3.11/site-packages (from torch>=2.5->-r /mnt/data/uyen/data_splits/requirements.txt (line 6)) (1.14.0)
Requirement already satisfied: networkx>=2.5.1 in /home/hien/occho/envs/ddi2025-cil/lib/python3.11/site-packages (from torch>=2.5->-r /mnt/data/uyen/data_splits/requirements.txt (line 6)) (3.6.1)
Requirement already satisfied: jinja2 in /home/hien/occho/envs/ddi2025-cil/lib/python3.11/site-packages (from torch>=2.5->-r /mnt/data/uyen/data_splits/requirements.txt (line 6)) (3.1.6)
Requirement already satisfied: fsspec>=0.8.5 in /home/hien/occho/envs/ddi2025-cil/lib/python3.11/site-packages (from torch>=2.5->-r /mnt/data/uyen/data_splits/requirements.txt (line 6)) (2026.6.0)
Requirement already satisfied: cuda-toolkit==13.0.2 in /home/hien/occho/envs/ddi2025-cil/lib/python3.11/site-packages (from cuda-toolkit[cudart,cufft,cufile,cupti,curand,cusolver,cusparse,nvjitlink,nvrtc,nvtx]==13.0.2; platform_system == "Linux"->torch>=2.5->-r /mnt/data/uyen/data_splits/requirements.txt (line 6)) (13.0.2)
Requirement already satisfied: nvidia-cublas<=13.1.1.3,>=13.1.0.3 in /home/hien/occho/envs/ddi2025-cil/lib/python3.11/site-packages (from torch>=2.5->-r /mnt/data/uyen/data_splits/requirements.txt (line 6)) (13.1.1.3)
Requirement already satisfied: cuda-bindings<14,>=13.0.3 in /home/hien/occho/envs/ddi2025-cil/lib/python3.11/site-packages (from torch>=2.5->-r /mnt/data/uyen/data_splits/requirements.txt (line 6)) (13.3.1)
Requirement already satisfied: nvidia-cudnn-cu13==9.20.0.48 in /home/hien/occho/envs/ddi2025-cil/lib/python3.11/site-packages (from torch>=2.5->-r /mnt/data/uyen/data_splits/requirements.txt (line 6)) (9.20.0.48)
Requirement already satisfied: nvidia-cusparselt-cu13==0.8.1 in /home/hien/occho/envs/ddi2025-cil/lib/python3.11/site-packages (from torch>=2.5->-r /mnt/data/uyen/data_splits/requirements.txt (line 6)) (0.8.1)
Requirement already satisfied: nvidia-nccl-cu13==2.29.7 in /home/hien/occho/envs/ddi2025-cil/lib/python3.11/site-packages (from torch>=2.5->-r /mnt/data/uyen/data_splits/requirements.txt (line 6)) (2.29.7)
Requirement already satisfied: nvidia-nvshmem-cu13==3.4.5 in /home/hien/occho/envs/ddi2025-cil/lib/python3.11/site-packages (from torch>=2.5->-r /mnt/data/uyen/data_splits/requirements.txt (line 6)) (3.4.5)
Requirement already satisfied: triton==3.7.1 in /home/hien/occho/envs/ddi2025-cil/lib/python3.11/site-packages (from torch>=2.5->-r /mnt/data/uyen/data_splits/requirements.txt (line 6)) (3.7.1)
Requirement already satisfied: nvidia-cuda-runtime==13.0.96.* in /home/hien/occho/envs/ddi2025-cil/lib/python3.11/site-packages (from cuda-toolkit[cudart,cufft,cufile,cupti,curand,cusolver,cusparse,nvjitlink,nvrtc,nvtx]==13.0.2; platform_system == "Linux"->torch>=2.5->-r /mnt/data/uyen/data_splits/requirements.txt (line 6)) (13.0.96)
Requirement already satisfied: nvidia-cufft==12.0.0.61.* in /home/hien/occho/envs/ddi2025-cil/lib/python3.11/site-packages (from cuda-toolkit[cudart,cufft,cufile,cupti,curand,cusolver,cusparse,nvjitlink,nvrtc,nvtx]==13.0.2; platform_system == "Linux"->torch>=2.5->-r /mnt/data/uyen/data_splits/requirements.txt (line 6)) (12.0.0.61)
Requirement already satisfied: nvidia-cufile==1.15.1.6.* in /home/hien/occho/envs/ddi2025-cil/lib/python3.11/site-packages (from cuda-toolkit[cudart,cufft,cufile,cupti,curand,cusolver,cusparse,nvjitlink,nvrtc,nvtx]==13.0.2; platform_system == "Linux"->torch>=2.5->-r /mnt/data/uyen/data_splits/requirements.txt (line 6)) (1.15.1.6)
Requirement already satisfied: nvidia-cuda-cupti==13.0.85.* in /home/hien/occho/envs/ddi2025-cil/lib/python3.11/site-packages (from cuda-toolkit[cudart,cufft,cufile,cupti,curand,cusolver,cusparse,nvjitlink,nvrtc,nvtx]==13.0.2; platform_system == "Linux"->torch>=2.5->-r /mnt/data/uyen/data_splits/requirements.txt (line 6)) (13.0.85)
Requirement already satisfied: nvidia-curand==10.4.0.35.* in /home/hien/occho/envs/ddi2025-cil/lib/python3.11/site-packages (from cuda-toolkit[cudart,cufft,cufile,cupti,curand,cusolver,cusparse,nvjitlink,nvrtc,nvtx]==13.0.2; platform_system == "Linux"->torch>=2.5->-r /mnt/data/uyen/data_splits/requirements.txt (line 6)) (10.4.0.35)
Requirement already satisfied: nvidia-cusolver==12.0.4.66.* in /home/hien/occho/envs/ddi2025-cil/lib/python3.11/site-packages (from cuda-toolkit[cudart,cufft,cufile,cupti,curand,cusolver,cusparse,nvjitlink,nvrtc,nvtx]==13.0.2; platform_system == "Linux"->torch>=2.5->-r /mnt/data/uyen/data_splits/requirements.txt (line 6)) (12.0.4.66)
Requirement already satisfied: nvidia-cusparse==12.6.3.3.* in /home/hien/occho/envs/ddi2025-cil/lib/python3.11/site-packages (from cuda-toolkit[cudart,cufft,cufile,cupti,curand,cusolver,cusparse,nvjitlink,nvrtc,nvtx]==13.0.2; platform_system == "Linux"->torch>=2.5->-r /mnt/data/uyen/data_splits/requirements.txt (line 6)) (12.6.3.3)
Requirement already satisfied: nvidia-nvjitlink==13.0.88.* in /home/hien/occho/envs/ddi2025-cil/lib/python3.11/site-packages (from cuda-toolkit[cudart,cufft,cufile,cupti,curand,cusolver,cusparse,nvjitlink,nvrtc,nvtx]==13.0.2; platform_system == "Linux"->torch>=2.5->-r /mnt/data/uyen/data_splits/requirements.txt (line 6)) (13.0.88)
Requirement already satisfied: nvidia-cuda-nvrtc==13.0.88.* in /home/hien/occho/envs/ddi2025-cil/lib/python3.11/site-packages (from cuda-toolkit[cudart,cufft,cufile,cupti,curand,cusolver,cusparse,nvjitlink,nvrtc,nvtx]==13.0.2; platform_system == "Linux"->torch>=2.5->-r /mnt/data/uyen/data_splits/requirements.txt (line 6)) (13.0.88)
Requirement already satisfied: nvidia-nvtx==13.0.85.* in /home/hien/occho/envs/ddi2025-cil/lib/python3.11/site-packages (from cuda-toolkit[cudart,cufft,cufile,cupti,curand,cusolver,cusparse,nvjitlink,nvrtc,nvtx]==13.0.2; platform_system == "Linux"->torch>=2.5->-r /mnt/data/uyen/data_splits/requirements.txt (line 6)) (13.0.85)
Requirement already satisfied: cuda-pathfinder>=1.4.2 in /home/hien/occho/envs/ddi2025-cil/lib/python3.11/site-packages (from cuda-bindings<14,>=13.0.3->torch>=2.5->-r /mnt/data/uyen/data_splits/requirements.txt (line 6)) (1.5.6)
Requirement already satisfied: six>=1.5 in /home/hien/occho/envs/ddi2025-cil/lib/python3.11/site-packages (from python-dateutil>=2.8.2->pandas>=2.2->-r /mnt/data/uyen/data_splits/requirements.txt (line 2)) (1.17.0)
Requirement already satisfied: mpmath<1.4,>=1.1.0 in /home/hien/occho/envs/ddi2025-cil/lib/python3.11/site-packages (from sympy>=1.13.3->torch>=2.5->-r /mnt/data/uyen/data_splits/requirements.txt (line 6)) (1.3.0)
Requirement already satisfied: MarkupSafe>=2.0 in /home/hien/occho/envs/ddi2025-cil/lib/python3.11/site-packages (from jinja2->torch>=2.5->-r /mnt/data/uyen/data_splits/requirements.txt (line 6)) (3.0.3)
Using cached setuptools-81.0.0-py3-none-any.whl (1.1 MB)
Installing collected packages: setuptools
  Attempting uninstall: setuptools
    Found existing installation: setuptools 83.0.0
    Uninstalling setuptools-83.0.0:
      Successfully uninstalled setuptools-83.0.0
Successfully installed setuptools-81.0.0

[2026-07-08 02:01:53] Running smoke schema audit
[inspect] train: rows=520841, cols=3787, feature_count=3780, class_nunique=178
[inspect] validation: rows=173614, cols=3787, feature_count=3780, class_nunique=178
[inspect] test: rows=173614, cols=3787, feature_count=3780, class_nunique=178
[train] Scanning feature batches (rows=520841, features=3780, batch_size=256)...
[train] batches=1 scanned_rows=256/520841
[train] batches=25 scanned_rows=6400/520841
[train] batches=50 scanned_rows=12800/520841
[train] batches=75 scanned_rows=19200/520841
[train] batches=100 scanned_rows=25600/520841
[train] batches=125 scanned_rows=32000/520841
[train] batches=150 scanned_rows=38400/520841
[train] batches=175 scanned_rows=44800/520841
[train] batches=200 scanned_rows=51200/520841
[train] batches=225 scanned_rows=57600/520841
[train] batches=250 scanned_rows=64000/520841
[train] batches=275 scanned_rows=70400/520841
[train] batches=300 scanned_rows=76800/520841
[train] batches=325 scanned_rows=83200/520841
[train] batches=350 scanned_rows=89600/520841
[train] batches=375 scanned_rows=96000/520841
[train] batches=400 scanned_rows=102400/520841
[train] batches=425 scanned_rows=108800/520841
[train] batches=450 scanned_rows=115200/520841
[train] batches=475 scanned_rows=121600/520841
[train] batches=500 scanned_rows=128000/520841
[train] batches=525 scanned_rows=134400/520841
[train] batches=550 scanned_rows=140800/520841
[train] batches=575 scanned_rows=147200/520841
[train] batches=600 scanned_rows=153600/520841
[train] batches=625 scanned_rows=160000/520841
[train] batches=650 scanned_rows=166400/520841
[train] batches=675 scanned_rows=172800/520841
[train] batches=700 scanned_rows=179200/520841
[train] batches=725 scanned_rows=185600/520841
[train] batches=750 scanned_rows=192000/520841
[train] batches=775 scanned_rows=198400/520841
[train] batches=800 scanned_rows=204800/520841
[train] batches=825 scanned_rows=211200/520841
[train] batches=850 scanned_rows=217600/520841
[train] batches=875 scanned_rows=224000/520841
[train] batches=900 scanned_rows=230400/520841
[train] batches=925 scanned_rows=236800/520841
[train] batches=950 scanned_rows=243200/520841
[train] batches=975 scanned_rows=249600/520841
[train] batches=1000 scanned_rows=256000/520841
[train] batches=1025 scanned_rows=262400/520841
[train] batches=1050 scanned_rows=268800/520841
[train] batches=1075 scanned_rows=275200/520841
[train] batches=1100 scanned_rows=281600/520841
[train] batches=1125 scanned_rows=288000/520841
[train] batches=1150 scanned_rows=294400/520841
[train] batches=1175 scanned_rows=300800/520841
[train] batches=1200 scanned_rows=307200/520841
[train] batches=1225 scanned_rows=313600/520841
[train] batches=1250 scanned_rows=320000/520841
[train] batches=1275 scanned_rows=326400/520841
[train] batches=1300 scanned_rows=332800/520841
[train] batches=1325 scanned_rows=339200/520841
[train] batches=1350 scanned_rows=345600/520841
[train] batches=1375 scanned_rows=352000/520841
[train] batches=1400 scanned_rows=358400/520841
[train] batches=1425 scanned_rows=364800/520841
[train] batches=1450 scanned_rows=371200/520841
[train] batches=1475 scanned_rows=377600/520841
[train] batches=1500 scanned_rows=384000/520841
[train] batches=1525 scanned_rows=390400/520841
[train] batches=1550 scanned_rows=396800/520841
[train] batches=1575 scanned_rows=403200/520841
[train] batches=1600 scanned_rows=409600/520841
[train] batches=1625 scanned_rows=416000/520841
[train] batches=1650 scanned_rows=422400/520841
[train] batches=1675 scanned_rows=428800/520841
[train] batches=1700 scanned_rows=435200/520841
[train] batches=1725 scanned_rows=441600/520841
[train] batches=1750 scanned_rows=448000/520841
[train] batches=1775 scanned_rows=454400/520841
[train] batches=1800 scanned_rows=460800/520841
[train] batches=1825 scanned_rows=467200/520841
[train] batches=1850 scanned_rows=473600/520841
[train] batches=1875 scanned_rows=480000/520841
[train] batches=1900 scanned_rows=486400/520841
[train] batches=1925 scanned_rows=492800/520841
[train] batches=1950 scanned_rows=499200/520841
[train] batches=1975 scanned_rows=505600/520841
[train] batches=2000 scanned_rows=512000/520841
[train] batches=2025 scanned_rows=518400/520841
[validation] Scanning feature batches (rows=173614, features=3780, batch_size=256)...
[validation] batches=1 scanned_rows=256/173614
[validation] batches=25 scanned_rows=6400/173614
[validation] batches=50 scanned_rows=12800/173614
[validation] batches=75 scanned_rows=19200/173614
[validation] batches=100 scanned_rows=25600/173614
[validation] batches=125 scanned_rows=32000/173614
[validation] batches=150 scanned_rows=38400/173614
[validation] batches=175 scanned_rows=44800/173614
[validation] batches=200 scanned_rows=51200/173614
[validation] batches=225 scanned_rows=57600/173614
[validation] batches=250 scanned_rows=64000/173614
[validation] batches=275 scanned_rows=70400/173614
[validation] batches=300 scanned_rows=76800/173614
[validation] batches=325 scanned_rows=83200/173614
[validation] batches=350 scanned_rows=89600/173614
[validation] batches=375 scanned_rows=96000/173614
[validation] batches=400 scanned_rows=102400/173614
[validation] batches=425 scanned_rows=108800/173614
[validation] batches=450 scanned_rows=115200/173614
[validation] batches=475 scanned_rows=121600/173614
[validation] batches=500 scanned_rows=128000/173614
[validation] batches=525 scanned_rows=134400/173614
[validation] batches=550 scanned_rows=140800/173614
[validation] batches=575 scanned_rows=147200/173614
[validation] batches=600 scanned_rows=153600/173614
[validation] batches=625 scanned_rows=160000/173614
[validation] batches=650 scanned_rows=166400/173614
[validation] batches=675 scanned_rows=172800/173614
[test] Scanning feature batches (rows=173614, features=3780, batch_size=256)...
[test] batches=1 scanned_rows=256/173614
[test] batches=25 scanned_rows=6400/173614
[test] batches=50 scanned_rows=12800/173614
[test] batches=75 scanned_rows=19200/173614
[test] batches=100 scanned_rows=25600/173614
[test] batches=125 scanned_rows=32000/173614
[test] batches=150 scanned_rows=38400/173614
[test] batches=175 scanned_rows=44800/173614
[test] batches=200 scanned_rows=51200/173614
[test] batches=225 scanned_rows=57600/173614
[test] batches=250 scanned_rows=64000/173614
[test] batches=275 scanned_rows=70400/173614
[test] batches=300 scanned_rows=76800/173614
[test] batches=325 scanned_rows=83200/173614
[test] batches=350 scanned_rows=89600/173614
[test] batches=375 scanned_rows=96000/173614
[test] batches=400 scanned_rows=102400/173614
[test] batches=425 scanned_rows=108800/173614
[test] batches=450 scanned_rows=115200/173614
[test] batches=475 scanned_rows=121600/173614
[test] batches=500 scanned_rows=128000/173614
[test] batches=525 scanned_rows=134400/173614
[test] batches=550 scanned_rows=140800/173614
[test] batches=575 scanned_rows=147200/173614
[test] batches=600 scanned_rows=153600/173614
[test] batches=625 scanned_rows=160000/173614
[test] batches=650 scanned_rows=166400/173614
[test] batches=675 scanned_rows=172800/173614
[done] Wrote audit artifacts to: /mnt/data/uyen/data_splits/outputs/audit_smoke

[2026-07-08 02:06:21] Running smoke class distribution analysis
[class-dist] Reading train labels from /mnt/data/uyen/data_splits/train_extracted.parquet...
[class-dist] train: num_rows=520841, num_classes=178, min_count=3, max_count=73634
[class-dist] Reading validation labels from /mnt/data/uyen/data_splits/validation_extracted.parquet...
[class-dist] validation: num_rows=173614, num_classes=178, min_count=1, max_count=24545
[class-dist] Reading test labels from /mnt/data/uyen/data_splits/test_extracted.parquet...
[class-dist] test: num_rows=173614, num_classes=178, min_count=1, max_count=24545
[done] Wrote class distribution artifacts to: /mnt/data/uyen/data_splits/outputs/class_distribution_smoke
[done] Wrote figures to: /mnt/data/uyen/data_splits/outputs/figures_smoke

[2026-07-08 02:06:24] Running smoke leakage audit
[leakage] Reading train identity columns from /mnt/data/uyen/data_splits/train_extracted.parquet...
[leakage] train: rows=520841, unique_ordered_pairs=520841, unique_unordered_pairs=520841
[leakage] Reading validation identity columns from /mnt/data/uyen/data_splits/validation_extracted.parquet...
[leakage] validation: rows=173614, unique_ordered_pairs=173614, unique_unordered_pairs=173614
[leakage] Reading test identity columns from /mnt/data/uyen/data_splits/test_extracted.parquet...
[leakage] test: rows=173614, unique_ordered_pairs=173614, unique_unordered_pairs=173614
[leakage] Comparing train vs validation...
[leakage] Comparing train vs test...
[leakage] Comparing validation vs test...
[done] Wrote leakage artifacts to: /mnt/data/uyen/data_splits/outputs/leakage_smoke

[2026-07-08 02:11:14] Running smoke preprocessing fit
usage: preprocess_features.py [-h] --train TRAIN --validation VALIDATION
                              --test TEST --feature-cols FEATURE_COLS --outdir
                              OUTDIR [--scaler {standard,robust}]
                              [--impute-strategy {zero,mean}]
                              [--batch-size BATCH_SIZE]
                              [--max-batches MAX_BATCHES]
                              [--label-col LABEL_COL]
                              [--meta-cols META_COLS [META_COLS ...]]
                              [--random-seed RANDOM_SEED]
                              [--robust-sample-size ROBUST_SAMPLE_SIZE]
preprocess_features.py: error: unrecognized arguments: --max-rows 2000

[2026-07-08 14:00:05] Conda environment ddi2025-cil already exists

[2026-07-08 14:00:05] Activated conda environment ddi2025-cil

[2026-07-08 14:00:05] Installing Python requirements
Requirement already satisfied: pip in /home/hien/occho/envs/ddi2025-cil/lib/python3.11/site-packages (26.1.2)
Requirement already satisfied: setuptools in /home/hien/occho/envs/ddi2025-cil/lib/python3.11/site-packages (81.0.0)
Collecting setuptools
  Using cached setuptools-83.0.0-py3-none-any.whl.metadata (6.6 kB)
Requirement already satisfied: wheel in /home/hien/occho/envs/ddi2025-cil/lib/python3.11/site-packages (0.47.0)
Requirement already satisfied: packaging>=24.0 in /home/hien/occho/envs/ddi2025-cil/lib/python3.11/site-packages (from wheel) (26.2)
Using cached setuptools-83.0.0-py3-none-any.whl (1.0 MB)
Installing collected packages: setuptools
  Attempting uninstall: setuptools
    Found existing installation: setuptools 81.0.0
    Uninstalling setuptools-81.0.0:
      Successfully uninstalled setuptools-81.0.0
ERROR: pip's dependency resolver does not currently take into account all the packages that are installed. This behaviour is the source of the following dependency conflicts.
torch 2.12.1 requires setuptools<82, but you have setuptools 83.0.0 which is incompatible.
Successfully installed setuptools-83.0.0
Requirement already satisfied: numpy>=2.1 in /home/hien/occho/envs/ddi2025-cil/lib/python3.11/site-packages (from -r /mnt/data/uyen/data_splits/requirements.txt (line 1)) (2.4.6)
Requirement already satisfied: pandas>=2.2 in /home/hien/occho/envs/ddi2025-cil/lib/python3.11/site-packages (from -r /mnt/data/uyen/data_splits/requirements.txt (line 2)) (3.0.3)
Requirement already satisfied: pyarrow>=21.0 in /home/hien/occho/envs/ddi2025-cil/lib/python3.11/site-packages (from -r /mnt/data/uyen/data_splits/requirements.txt (line 3)) (24.0.0)
Requirement already satisfied: matplotlib>=3.9 in /home/hien/occho/envs/ddi2025-cil/lib/python3.11/site-packages (from -r /mnt/data/uyen/data_splits/requirements.txt (line 4)) (3.11.0)
Requirement already satisfied: scikit-learn>=1.6 in /home/hien/occho/envs/ddi2025-cil/lib/python3.11/site-packages (from -r /mnt/data/uyen/data_splits/requirements.txt (line 5)) (1.9.0)
Requirement already satisfied: torch>=2.5 in /home/hien/occho/envs/ddi2025-cil/lib/python3.11/site-packages (from -r /mnt/data/uyen/data_splits/requirements.txt (line 6)) (2.12.1)
Requirement already satisfied: python-dateutil>=2.8.2 in /home/hien/occho/envs/ddi2025-cil/lib/python3.11/site-packages (from pandas>=2.2->-r /mnt/data/uyen/data_splits/requirements.txt (line 2)) (2.9.0.post0)
Requirement already satisfied: contourpy>=1.0.1 in /home/hien/occho/envs/ddi2025-cil/lib/python3.11/site-packages (from matplotlib>=3.9->-r /mnt/data/uyen/data_splits/requirements.txt (line 4)) (1.3.3)
Requirement already satisfied: cycler>=0.10 in /home/hien/occho/envs/ddi2025-cil/lib/python3.11/site-packages (from matplotlib>=3.9->-r /mnt/data/uyen/data_splits/requirements.txt (line 4)) (0.12.1)
Requirement already satisfied: fonttools>=4.22.0 in /home/hien/occho/envs/ddi2025-cil/lib/python3.11/site-packages (from matplotlib>=3.9->-r /mnt/data/uyen/data_splits/requirements.txt (line 4)) (4.63.0)
Requirement already satisfied: kiwisolver>=1.3.1 in /home/hien/occho/envs/ddi2025-cil/lib/python3.11/site-packages (from matplotlib>=3.9->-r /mnt/data/uyen/data_splits/requirements.txt (line 4)) (1.5.0)
Requirement already satisfied: packaging>=20.0 in /home/hien/occho/envs/ddi2025-cil/lib/python3.11/site-packages (from matplotlib>=3.9->-r /mnt/data/uyen/data_splits/requirements.txt (line 4)) (26.2)
Requirement already satisfied: pillow>=9 in /home/hien/occho/envs/ddi2025-cil/lib/python3.11/site-packages (from matplotlib>=3.9->-r /mnt/data/uyen/data_splits/requirements.txt (line 4)) (12.3.0)
Requirement already satisfied: pyparsing>=3 in /home/hien/occho/envs/ddi2025-cil/lib/python3.11/site-packages (from matplotlib>=3.9->-r /mnt/data/uyen/data_splits/requirements.txt (line 4)) (3.3.2)
Requirement already satisfied: scipy>=1.10.0 in /home/hien/occho/envs/ddi2025-cil/lib/python3.11/site-packages (from scikit-learn>=1.6->-r /mnt/data/uyen/data_splits/requirements.txt (line 5)) (1.17.1)
Requirement already satisfied: joblib>=1.4.0 in /home/hien/occho/envs/ddi2025-cil/lib/python3.11/site-packages (from scikit-learn>=1.6->-r /mnt/data/uyen/data_splits/requirements.txt (line 5)) (1.5.3)
Requirement already satisfied: narwhals>=2.0.1 in /home/hien/occho/envs/ddi2025-cil/lib/python3.11/site-packages (from scikit-learn>=1.6->-r /mnt/data/uyen/data_splits/requirements.txt (line 5)) (2.23.0)
Requirement already satisfied: threadpoolctl>=3.5.0 in /home/hien/occho/envs/ddi2025-cil/lib/python3.11/site-packages (from scikit-learn>=1.6->-r /mnt/data/uyen/data_splits/requirements.txt (line 5)) (3.6.0)
Requirement already satisfied: filelock in /home/hien/occho/envs/ddi2025-cil/lib/python3.11/site-packages (from torch>=2.5->-r /mnt/data/uyen/data_splits/requirements.txt (line 6)) (3.29.6)
Requirement already satisfied: typing-extensions>=4.10.0 in /home/hien/occho/envs/ddi2025-cil/lib/python3.11/site-packages (from torch>=2.5->-r /mnt/data/uyen/data_splits/requirements.txt (line 6)) (4.16.0)
Collecting setuptools<82 (from torch>=2.5->-r /mnt/data/uyen/data_splits/requirements.txt (line 6))
  Using cached setuptools-81.0.0-py3-none-any.whl.metadata (6.6 kB)
Requirement already satisfied: sympy>=1.13.3 in /home/hien/occho/envs/ddi2025-cil/lib/python3.11/site-packages (from torch>=2.5->-r /mnt/data/uyen/data_splits/requirements.txt (line 6)) (1.14.0)
Requirement already satisfied: networkx>=2.5.1 in /home/hien/occho/envs/ddi2025-cil/lib/python3.11/site-packages (from torch>=2.5->-r /mnt/data/uyen/data_splits/requirements.txt (line 6)) (3.6.1)
Requirement already satisfied: jinja2 in /home/hien/occho/envs/ddi2025-cil/lib/python3.11/site-packages (from torch>=2.5->-r /mnt/data/uyen/data_splits/requirements.txt (line 6)) (3.1.6)
Requirement already satisfied: fsspec>=0.8.5 in /home/hien/occho/envs/ddi2025-cil/lib/python3.11/site-packages (from torch>=2.5->-r /mnt/data/uyen/data_splits/requirements.txt (line 6)) (2026.6.0)
Requirement already satisfied: cuda-toolkit==13.0.2 in /home/hien/occho/envs/ddi2025-cil/lib/python3.11/site-packages (from cuda-toolkit[cudart,cufft,cufile,cupti,curand,cusolver,cusparse,nvjitlink,nvrtc,nvtx]==13.0.2; platform_system == "Linux"->torch>=2.5->-r /mnt/data/uyen/data_splits/requirements.txt (line 6)) (13.0.2)
Requirement already satisfied: nvidia-cublas<=13.1.1.3,>=13.1.0.3 in /home/hien/occho/envs/ddi2025-cil/lib/python3.11/site-packages (from torch>=2.5->-r /mnt/data/uyen/data_splits/requirements.txt (line 6)) (13.1.1.3)
Requirement already satisfied: cuda-bindings<14,>=13.0.3 in /home/hien/occho/envs/ddi2025-cil/lib/python3.11/site-packages (from torch>=2.5->-r /mnt/data/uyen/data_splits/requirements.txt (line 6)) (13.3.1)
Requirement already satisfied: nvidia-cudnn-cu13==9.20.0.48 in /home/hien/occho/envs/ddi2025-cil/lib/python3.11/site-packages (from torch>=2.5->-r /mnt/data/uyen/data_splits/requirements.txt (line 6)) (9.20.0.48)
Requirement already satisfied: nvidia-cusparselt-cu13==0.8.1 in /home/hien/occho/envs/ddi2025-cil/lib/python3.11/site-packages (from torch>=2.5->-r /mnt/data/uyen/data_splits/requirements.txt (line 6)) (0.8.1)
Requirement already satisfied: nvidia-nccl-cu13==2.29.7 in /home/hien/occho/envs/ddi2025-cil/lib/python3.11/site-packages (from torch>=2.5->-r /mnt/data/uyen/data_splits/requirements.txt (line 6)) (2.29.7)
Requirement already satisfied: nvidia-nvshmem-cu13==3.4.5 in /home/hien/occho/envs/ddi2025-cil/lib/python3.11/site-packages (from torch>=2.5->-r /mnt/data/uyen/data_splits/requirements.txt (line 6)) (3.4.5)
Requirement already satisfied: triton==3.7.1 in /home/hien/occho/envs/ddi2025-cil/lib/python3.11/site-packages (from torch>=2.5->-r /mnt/data/uyen/data_splits/requirements.txt (line 6)) (3.7.1)
Requirement already satisfied: nvidia-cuda-runtime==13.0.96.* in /home/hien/occho/envs/ddi2025-cil/lib/python3.11/site-packages (from cuda-toolkit[cudart,cufft,cufile,cupti,curand,cusolver,cusparse,nvjitlink,nvrtc,nvtx]==13.0.2; platform_system == "Linux"->torch>=2.5->-r /mnt/data/uyen/data_splits/requirements.txt (line 6)) (13.0.96)
Requirement already satisfied: nvidia-cufft==12.0.0.61.* in /home/hien/occho/envs/ddi2025-cil/lib/python3.11/site-packages (from cuda-toolkit[cudart,cufft,cufile,cupti,curand,cusolver,cusparse,nvjitlink,nvrtc,nvtx]==13.0.2; platform_system == "Linux"->torch>=2.5->-r /mnt/data/uyen/data_splits/requirements.txt (line 6)) (12.0.0.61)
Requirement already satisfied: nvidia-cufile==1.15.1.6.* in /home/hien/occho/envs/ddi2025-cil/lib/python3.11/site-packages (from cuda-toolkit[cudart,cufft,cufile,cupti,curand,cusolver,cusparse,nvjitlink,nvrtc,nvtx]==13.0.2; platform_system == "Linux"->torch>=2.5->-r /mnt/data/uyen/data_splits/requirements.txt (line 6)) (1.15.1.6)
Requirement already satisfied: nvidia-cuda-cupti==13.0.85.* in /home/hien/occho/envs/ddi2025-cil/lib/python3.11/site-packages (from cuda-toolkit[cudart,cufft,cufile,cupti,curand,cusolver,cusparse,nvjitlink,nvrtc,nvtx]==13.0.2; platform_system == "Linux"->torch>=2.5->-r /mnt/data/uyen/data_splits/requirements.txt (line 6)) (13.0.85)
Requirement already satisfied: nvidia-curand==10.4.0.35.* in /home/hien/occho/envs/ddi2025-cil/lib/python3.11/site-packages (from cuda-toolkit[cudart,cufft,cufile,cupti,curand,cusolver,cusparse,nvjitlink,nvrtc,nvtx]==13.0.2; platform_system == "Linux"->torch>=2.5->-r /mnt/data/uyen/data_splits/requirements.txt (line 6)) (10.4.0.35)
Requirement already satisfied: nvidia-cusolver==12.0.4.66.* in /home/hien/occho/envs/ddi2025-cil/lib/python3.11/site-packages (from cuda-toolkit[cudart,cufft,cufile,cupti,curand,cusolver,cusparse,nvjitlink,nvrtc,nvtx]==13.0.2; platform_system == "Linux"->torch>=2.5->-r /mnt/data/uyen/data_splits/requirements.txt (line 6)) (12.0.4.66)
Requirement already satisfied: nvidia-cusparse==12.6.3.3.* in /home/hien/occho/envs/ddi2025-cil/lib/python3.11/site-packages (from cuda-toolkit[cudart,cufft,cufile,cupti,curand,cusolver,cusparse,nvjitlink,nvrtc,nvtx]==13.0.2; platform_system == "Linux"->torch>=2.5->-r /mnt/data/uyen/data_splits/requirements.txt (line 6)) (12.6.3.3)
Requirement already satisfied: nvidia-nvjitlink==13.0.88.* in /home/hien/occho/envs/ddi2025-cil/lib/python3.11/site-packages (from cuda-toolkit[cudart,cufft,cufile,cupti,curand,cusolver,cusparse,nvjitlink,nvrtc,nvtx]==13.0.2; platform_system == "Linux"->torch>=2.5->-r /mnt/data/uyen/data_splits/requirements.txt (line 6)) (13.0.88)
Requirement already satisfied: nvidia-cuda-nvrtc==13.0.88.* in /home/hien/occho/envs/ddi2025-cil/lib/python3.11/site-packages (from cuda-toolkit[cudart,cufft,cufile,cupti,curand,cusolver,cusparse,nvjitlink,nvrtc,nvtx]==13.0.2; platform_system == "Linux"->torch>=2.5->-r /mnt/data/uyen/data_splits/requirements.txt (line 6)) (13.0.88)
Requirement already satisfied: nvidia-nvtx==13.0.85.* in /home/hien/occho/envs/ddi2025-cil/lib/python3.11/site-packages (from cuda-toolkit[cudart,cufft,cufile,cupti,curand,cusolver,cusparse,nvjitlink,nvrtc,nvtx]==13.0.2; platform_system == "Linux"->torch>=2.5->-r /mnt/data/uyen/data_splits/requirements.txt (line 6)) (13.0.85)
Requirement already satisfied: cuda-pathfinder>=1.4.2 in /home/hien/occho/envs/ddi2025-cil/lib/python3.11/site-packages (from cuda-bindings<14,>=13.0.3->torch>=2.5->-r /mnt/data/uyen/data_splits/requirements.txt (line 6)) (1.5.6)
Requirement already satisfied: six>=1.5 in /home/hien/occho/envs/ddi2025-cil/lib/python3.11/site-packages (from python-dateutil>=2.8.2->pandas>=2.2->-r /mnt/data/uyen/data_splits/requirements.txt (line 2)) (1.17.0)
Requirement already satisfied: mpmath<1.4,>=1.1.0 in /home/hien/occho/envs/ddi2025-cil/lib/python3.11/site-packages (from sympy>=1.13.3->torch>=2.5->-r /mnt/data/uyen/data_splits/requirements.txt (line 6)) (1.3.0)
Requirement already satisfied: MarkupSafe>=2.0 in /home/hien/occho/envs/ddi2025-cil/lib/python3.11/site-packages (from jinja2->torch>=2.5->-r /mnt/data/uyen/data_splits/requirements.txt (line 6)) (3.0.3)
Using cached setuptools-81.0.0-py3-none-any.whl (1.1 MB)
Installing collected packages: setuptools
  Attempting uninstall: setuptools
    Found existing installation: setuptools 83.0.0
    Uninstalling setuptools-83.0.0:
      Successfully uninstalled setuptools-83.0.0
Successfully installed setuptools-81.0.0

[2026-07-08 14:00:07] Running smoke schema audit
[inspect] train: rows=520841, cols=3787, feature_count=3780, class_nunique=178
[inspect] validation: rows=173614, cols=3787, feature_count=3780, class_nunique=178
[inspect] test: rows=173614, cols=3787, feature_count=3780, class_nunique=178
[train] Scanning feature batches (rows=520841, features=3780, batch_size=256)...
[train] batches=1 scanned_rows=256/520841
[train] batches=25 scanned_rows=6400/520841
[train] batches=50 scanned_rows=12800/520841
[train] batches=75 scanned_rows=19200/520841
[train] batches=100 scanned_rows=25600/520841
[train] batches=125 scanned_rows=32000/520841
[train] batches=150 scanned_rows=38400/520841
[train] batches=175 scanned_rows=44800/520841
[train] batches=200 scanned_rows=51200/520841
[train] batches=225 scanned_rows=57600/520841
[train] batches=250 scanned_rows=64000/520841
[train] batches=275 scanned_rows=70400/520841
[train] batches=300 scanned_rows=76800/520841
[train] batches=325 scanned_rows=83200/520841
[train] batches=350 scanned_rows=89600/520841
[train] batches=375 scanned_rows=96000/520841
[train] batches=400 scanned_rows=102400/520841
[train] batches=425 scanned_rows=108800/520841
[train] batches=450 scanned_rows=115200/520841
[train] batches=475 scanned_rows=121600/520841
[train] batches=500 scanned_rows=128000/520841
[train] batches=525 scanned_rows=134400/520841
[train] batches=550 scanned_rows=140800/520841
[train] batches=575 scanned_rows=147200/520841
[train] batches=600 scanned_rows=153600/520841
[train] batches=625 scanned_rows=160000/520841
[train] batches=650 scanned_rows=166400/520841
[train] batches=675 scanned_rows=172800/520841
[train] batches=700 scanned_rows=179200/520841
[train] batches=725 scanned_rows=185600/520841
[train] batches=750 scanned_rows=192000/520841
[train] batches=775 scanned_rows=198400/520841
[train] batches=800 scanned_rows=204800/520841
[train] batches=825 scanned_rows=211200/520841
[train] batches=850 scanned_rows=217600/520841
[train] batches=875 scanned_rows=224000/520841
[train] batches=900 scanned_rows=230400/520841
[train] batches=925 scanned_rows=236800/520841
[train] batches=950 scanned_rows=243200/520841
[train] batches=975 scanned_rows=249600/520841
[train] batches=1000 scanned_rows=256000/520841
[train] batches=1025 scanned_rows=262400/520841
[train] batches=1050 scanned_rows=268800/520841
[train] batches=1075 scanned_rows=275200/520841
[train] batches=1100 scanned_rows=281600/520841
[train] batches=1125 scanned_rows=288000/520841
[train] batches=1150 scanned_rows=294400/520841
[train] batches=1175 scanned_rows=300800/520841
[train] batches=1200 scanned_rows=307200/520841
[train] batches=1225 scanned_rows=313600/520841
[train] batches=1250 scanned_rows=320000/520841
[train] batches=1275 scanned_rows=326400/520841
[train] batches=1300 scanned_rows=332800/520841
[train] batches=1325 scanned_rows=339200/520841
[train] batches=1350 scanned_rows=345600/520841
[train] batches=1375 scanned_rows=352000/520841
[train] batches=1400 scanned_rows=358400/520841
[train] batches=1425 scanned_rows=364800/520841
[train] batches=1450 scanned_rows=371200/520841
[train] batches=1475 scanned_rows=377600/520841
[train] batches=1500 scanned_rows=384000/520841
[train] batches=1525 scanned_rows=390400/520841
[train] batches=1550 scanned_rows=396800/520841
[train] batches=1575 scanned_rows=403200/520841
[train] batches=1600 scanned_rows=409600/520841
[train] batches=1625 scanned_rows=416000/520841
[train] batches=1650 scanned_rows=422400/520841
[train] batches=1675 scanned_rows=428800/520841
[train] batches=1700 scanned_rows=435200/520841
[train] batches=1725 scanned_rows=441600/520841
[train] batches=1750 scanned_rows=448000/520841
[train] batches=1775 scanned_rows=454400/520841
[train] batches=1800 scanned_rows=460800/520841
[train] batches=1825 scanned_rows=467200/520841
[train] batches=1850 scanned_rows=473600/520841
[train] batches=1875 scanned_rows=480000/520841
[train] batches=1900 scanned_rows=486400/520841
[train] batches=1925 scanned_rows=492800/520841
[train] batches=1950 scanned_rows=499200/520841
[train] batches=1975 scanned_rows=505600/520841
[train] batches=2000 scanned_rows=512000/520841
[train] batches=2025 scanned_rows=518400/520841
[validation] Scanning feature batches (rows=173614, features=3780, batch_size=256)...
[validation] batches=1 scanned_rows=256/173614
[validation] batches=25 scanned_rows=6400/173614
[validation] batches=50 scanned_rows=12800/173614
[validation] batches=75 scanned_rows=19200/173614
[validation] batches=100 scanned_rows=25600/173614
[validation] batches=125 scanned_rows=32000/173614
[validation] batches=150 scanned_rows=38400/173614
[validation] batches=175 scanned_rows=44800/173614
[validation] batches=200 scanned_rows=51200/173614
[validation] batches=225 scanned_rows=57600/173614
[validation] batches=250 scanned_rows=64000/173614
[validation] batches=275 scanned_rows=70400/173614
[validation] batches=300 scanned_rows=76800/173614
[validation] batches=325 scanned_rows=83200/173614
[validation] batches=350 scanned_rows=89600/173614
[validation] batches=375 scanned_rows=96000/173614
[validation] batches=400 scanned_rows=102400/173614
[validation] batches=425 scanned_rows=108800/173614
[validation] batches=450 scanned_rows=115200/173614
[validation] batches=475 scanned_rows=121600/173614
[validation] batches=500 scanned_rows=128000/173614
[validation] batches=525 scanned_rows=134400/173614
[validation] batches=550 scanned_rows=140800/173614
[validation] batches=575 scanned_rows=147200/173614
[validation] batches=600 scanned_rows=153600/173614
[validation] batches=625 scanned_rows=160000/173614
[validation] batches=650 scanned_rows=166400/173614
[validation] batches=675 scanned_rows=172800/173614
[test] Scanning feature batches (rows=173614, features=3780, batch_size=256)...
[test] batches=1 scanned_rows=256/173614
[test] batches=25 scanned_rows=6400/173614
[test] batches=50 scanned_rows=12800/173614
[test] batches=75 scanned_rows=19200/173614
[test] batches=100 scanned_rows=25600/173614
[test] batches=125 scanned_rows=32000/173614
[test] batches=150 scanned_rows=38400/173614
[test] batches=175 scanned_rows=44800/173614
[test] batches=200 scanned_rows=51200/173614
[test] batches=225 scanned_rows=57600/173614
[test] batches=250 scanned_rows=64000/173614
[test] batches=275 scanned_rows=70400/173614
[test] batches=300 scanned_rows=76800/173614
[test] batches=325 scanned_rows=83200/173614
[test] batches=350 scanned_rows=89600/173614
[test] batches=375 scanned_rows=96000/173614
[test] batches=400 scanned_rows=102400/173614
[test] batches=425 scanned_rows=108800/173614
[test] batches=450 scanned_rows=115200/173614
[test] batches=475 scanned_rows=121600/173614
[test] batches=500 scanned_rows=128000/173614
[test] batches=525 scanned_rows=134400/173614
[test] batches=550 scanned_rows=140800/173614
[test] batches=575 scanned_rows=147200/173614
[test] batches=600 scanned_rows=153600/173614
[test] batches=625 scanned_rows=160000/173614
[test] batches=650 scanned_rows=166400/173614
[test] batches=675 scanned_rows=172800/173614
[done] Wrote audit artifacts to: /mnt/data/uyen/data_splits/outputs/audit_smoke

[2026-07-08 14:04:43] Running smoke class distribution analysis
[class-dist] Reading train labels from /mnt/data/uyen/data_splits/train_extracted.parquet...
[class-dist] train: num_rows=520841, num_classes=178, min_count=3, max_count=73634
[class-dist] Reading validation labels from /mnt/data/uyen/data_splits/validation_extracted.parquet...
[class-dist] validation: num_rows=173614, num_classes=178, min_count=1, max_count=24545
[class-dist] Reading test labels from /mnt/data/uyen/data_splits/test_extracted.parquet...
[class-dist] test: num_rows=173614, num_classes=178, min_count=1, max_count=24545
[done] Wrote class distribution artifacts to: /mnt/data/uyen/data_splits/outputs/class_distribution_smoke
[done] Wrote figures to: /mnt/data/uyen/data_splits/outputs/figures_smoke

[2026-07-08 14:04:46] Running smoke leakage audit
[leakage] Reading train identity columns from /mnt/data/uyen/data_splits/train_extracted.parquet...
[leakage] train: rows=520841, unique_ordered_pairs=520841, unique_unordered_pairs=520841
[leakage] Reading validation identity columns from /mnt/data/uyen/data_splits/validation_extracted.parquet...
[leakage] validation: rows=173614, unique_ordered_pairs=173614, unique_unordered_pairs=173614
[leakage] Reading test identity columns from /mnt/data/uyen/data_splits/test_extracted.parquet...
[leakage] test: rows=173614, unique_ordered_pairs=173614, unique_unordered_pairs=173614
[leakage] Comparing train vs validation...
[leakage] Comparing train vs test...
[leakage] Comparing validation vs test...
[done] Wrote leakage artifacts to: /mnt/data/uyen/data_splits/outputs/leakage_smoke

[2026-07-08 14:09:37] Running smoke preprocessing fit
[preprocess] feature_count=3780 scaler=standard impute_strategy=zero
[preprocess] Scanning non-finite stats for train...
[preprocess] train: batches=1 rows_scanned=256/520841
[preprocess] Scanning non-finite stats for validation...
[preprocess] validation: batches=1 rows_scanned=256/173614
[preprocess] Scanning non-finite stats for test...
[preprocess] test: batches=1 rows_scanned=256/173614
[preprocess] Fitting standard scaler on train split only...
[preprocess] standard(zero) fit: batches=1 rows_scanned=256/520841
[done] Wrote preprocessing artifacts to: /mnt/data/uyen/data_splits/outputs/preprocess_smoke

[2026-07-08 14:09:42] Running smoke task builder
[tasks] Building random protocol for seed=0...
[done] Wrote task artifacts to: /mnt/data/uyen/data_splits/outputs/tasks_smoke

[2026-07-08 14:09:42] Running smoke static MLP-base baseline
[2026-07-08T14:09:45] Static training started on device=cuda
[2026-07-08T14:09:45] variant=small batch_size=128 epochs=1 lr=0.001 weight_decay=0.0001 seed=0
Traceback (most recent call last):
  File "/mnt/data/uyen/data_splits/src/training/train_static.py", line 348, in <module>
    main()
  File "/mnt/data/uyen/data_splits/src/training/train_static.py", line 247, in main
    y_validation = remap_labels(validation_arrays.labels, class_map)
                   ^^^^^^^^^^^^^^^^^^^^^^^^^^^^^^^^^^^^^^^^^^^^^^^^^
  File "/mnt/data/uyen/data_splits/src/data/class_mapping.py", line 62, in remap_labels
    raise KeyError(f"Labels missing from class map: {missing[:10]}")
KeyError: 'Labels missing from class map: [2, 17, 41, 53, 54, 110, 125, 166, 189, 214]'

[2026-07-08 17:36:28] Conda environment ddi2025-cil already exists

[2026-07-08 17:36:28] Activated conda environment ddi2025-cil

[2026-07-08 17:36:28] Installing Python requirements
Requirement already satisfied: pip in /home/hien/occho/envs/ddi2025-cil/lib/python3.11/site-packages (26.1.2)
Requirement already satisfied: setuptools in /home/hien/occho/envs/ddi2025-cil/lib/python3.11/site-packages (81.0.0)
Collecting setuptools
  Using cached setuptools-83.0.0-py3-none-any.whl.metadata (6.6 kB)
Requirement already satisfied: wheel in /home/hien/occho/envs/ddi2025-cil/lib/python3.11/site-packages (0.47.0)
Requirement already satisfied: packaging>=24.0 in /home/hien/occho/envs/ddi2025-cil/lib/python3.11/site-packages (from wheel) (26.2)
Using cached setuptools-83.0.0-py3-none-any.whl (1.0 MB)
Installing collected packages: setuptools
  Attempting uninstall: setuptools
    Found existing installation: setuptools 81.0.0
    Uninstalling setuptools-81.0.0:
      Successfully uninstalled setuptools-81.0.0
ERROR: pip's dependency resolver does not currently take into account all the packages that are installed. This behaviour is the source of the following dependency conflicts.
torch 2.12.1 requires setuptools<82, but you have setuptools 83.0.0 which is incompatible.
Successfully installed setuptools-83.0.0
Requirement already satisfied: numpy>=2.1 in /home/hien/occho/envs/ddi2025-cil/lib/python3.11/site-packages (from -r /mnt/data/uyen/data_splits/requirements.txt (line 1)) (2.4.6)
Requirement already satisfied: pandas>=2.2 in /home/hien/occho/envs/ddi2025-cil/lib/python3.11/site-packages (from -r /mnt/data/uyen/data_splits/requirements.txt (line 2)) (3.0.3)
Requirement already satisfied: pyarrow>=21.0 in /home/hien/occho/envs/ddi2025-cil/lib/python3.11/site-packages (from -r /mnt/data/uyen/data_splits/requirements.txt (line 3)) (24.0.0)
Requirement already satisfied: matplotlib>=3.9 in /home/hien/occho/envs/ddi2025-cil/lib/python3.11/site-packages (from -r /mnt/data/uyen/data_splits/requirements.txt (line 4)) (3.11.0)
Requirement already satisfied: scikit-learn>=1.6 in /home/hien/occho/envs/ddi2025-cil/lib/python3.11/site-packages (from -r /mnt/data/uyen/data_splits/requirements.txt (line 5)) (1.9.0)
Requirement already satisfied: torch>=2.5 in /home/hien/occho/envs/ddi2025-cil/lib/python3.11/site-packages (from -r /mnt/data/uyen/data_splits/requirements.txt (line 6)) (2.12.1)
Requirement already satisfied: python-dateutil>=2.8.2 in /home/hien/occho/envs/ddi2025-cil/lib/python3.11/site-packages (from pandas>=2.2->-r /mnt/data/uyen/data_splits/requirements.txt (line 2)) (2.9.0.post0)
Requirement already satisfied: contourpy>=1.0.1 in /home/hien/occho/envs/ddi2025-cil/lib/python3.11/site-packages (from matplotlib>=3.9->-r /mnt/data/uyen/data_splits/requirements.txt (line 4)) (1.3.3)
Requirement already satisfied: cycler>=0.10 in /home/hien/occho/envs/ddi2025-cil/lib/python3.11/site-packages (from matplotlib>=3.9->-r /mnt/data/uyen/data_splits/requirements.txt (line 4)) (0.12.1)
Requirement already satisfied: fonttools>=4.22.0 in /home/hien/occho/envs/ddi2025-cil/lib/python3.11/site-packages (from matplotlib>=3.9->-r /mnt/data/uyen/data_splits/requirements.txt (line 4)) (4.63.0)
Requirement already satisfied: kiwisolver>=1.3.1 in /home/hien/occho/envs/ddi2025-cil/lib/python3.11/site-packages (from matplotlib>=3.9->-r /mnt/data/uyen/data_splits/requirements.txt (line 4)) (1.5.0)
Requirement already satisfied: packaging>=20.0 in /home/hien/occho/envs/ddi2025-cil/lib/python3.11/site-packages (from matplotlib>=3.9->-r /mnt/data/uyen/data_splits/requirements.txt (line 4)) (26.2)
Requirement already satisfied: pillow>=9 in /home/hien/occho/envs/ddi2025-cil/lib/python3.11/site-packages (from matplotlib>=3.9->-r /mnt/data/uyen/data_splits/requirements.txt (line 4)) (12.3.0)
Requirement already satisfied: pyparsing>=3 in /home/hien/occho/envs/ddi2025-cil/lib/python3.11/site-packages (from matplotlib>=3.9->-r /mnt/data/uyen/data_splits/requirements.txt (line 4)) (3.3.2)
Requirement already satisfied: scipy>=1.10.0 in /home/hien/occho/envs/ddi2025-cil/lib/python3.11/site-packages (from scikit-learn>=1.6->-r /mnt/data/uyen/data_splits/requirements.txt (line 5)) (1.17.1)
Requirement already satisfied: joblib>=1.4.0 in /home/hien/occho/envs/ddi2025-cil/lib/python3.11/site-packages (from scikit-learn>=1.6->-r /mnt/data/uyen/data_splits/requirements.txt (line 5)) (1.5.3)
Requirement already satisfied: narwhals>=2.0.1 in /home/hien/occho/envs/ddi2025-cil/lib/python3.11/site-packages (from scikit-learn>=1.6->-r /mnt/data/uyen/data_splits/requirements.txt (line 5)) (2.23.0)
Requirement already satisfied: threadpoolctl>=3.5.0 in /home/hien/occho/envs/ddi2025-cil/lib/python3.11/site-packages (from scikit-learn>=1.6->-r /mnt/data/uyen/data_splits/requirements.txt (line 5)) (3.6.0)
Requirement already satisfied: filelock in /home/hien/occho/envs/ddi2025-cil/lib/python3.11/site-packages (from torch>=2.5->-r /mnt/data/uyen/data_splits/requirements.txt (line 6)) (3.29.6)
Requirement already satisfied: typing-extensions>=4.10.0 in /home/hien/occho/envs/ddi2025-cil/lib/python3.11/site-packages (from torch>=2.5->-r /mnt/data/uyen/data_splits/requirements.txt (line 6)) (4.16.0)
Collecting setuptools<82 (from torch>=2.5->-r /mnt/data/uyen/data_splits/requirements.txt (line 6))
  Using cached setuptools-81.0.0-py3-none-any.whl.metadata (6.6 kB)
Requirement already satisfied: sympy>=1.13.3 in /home/hien/occho/envs/ddi2025-cil/lib/python3.11/site-packages (from torch>=2.5->-r /mnt/data/uyen/data_splits/requirements.txt (line 6)) (1.14.0)
Requirement already satisfied: networkx>=2.5.1 in /home/hien/occho/envs/ddi2025-cil/lib/python3.11/site-packages (from torch>=2.5->-r /mnt/data/uyen/data_splits/requirements.txt (line 6)) (3.6.1)
Requirement already satisfied: jinja2 in /home/hien/occho/envs/ddi2025-cil/lib/python3.11/site-packages (from torch>=2.5->-r /mnt/data/uyen/data_splits/requirements.txt (line 6)) (3.1.6)
Requirement already satisfied: fsspec>=0.8.5 in /home/hien/occho/envs/ddi2025-cil/lib/python3.11/site-packages (from torch>=2.5->-r /mnt/data/uyen/data_splits/requirements.txt (line 6)) (2026.6.0)
Requirement already satisfied: cuda-toolkit==13.0.2 in /home/hien/occho/envs/ddi2025-cil/lib/python3.11/site-packages (from cuda-toolkit[cudart,cufft,cufile,cupti,curand,cusolver,cusparse,nvjitlink,nvrtc,nvtx]==13.0.2; platform_system == "Linux"->torch>=2.5->-r /mnt/data/uyen/data_splits/requirements.txt (line 6)) (13.0.2)
Requirement already satisfied: nvidia-cublas<=13.1.1.3,>=13.1.0.3 in /home/hien/occho/envs/ddi2025-cil/lib/python3.11/site-packages (from torch>=2.5->-r /mnt/data/uyen/data_splits/requirements.txt (line 6)) (13.1.1.3)
Requirement already satisfied: cuda-bindings<14,>=13.0.3 in /home/hien/occho/envs/ddi2025-cil/lib/python3.11/site-packages (from torch>=2.5->-r /mnt/data/uyen/data_splits/requirements.txt (line 6)) (13.3.1)
Requirement already satisfied: nvidia-cudnn-cu13==9.20.0.48 in /home/hien/occho/envs/ddi2025-cil/lib/python3.11/site-packages (from torch>=2.5->-r /mnt/data/uyen/data_splits/requirements.txt (line 6)) (9.20.0.48)
Requirement already satisfied: nvidia-cusparselt-cu13==0.8.1 in /home/hien/occho/envs/ddi2025-cil/lib/python3.11/site-packages (from torch>=2.5->-r /mnt/data/uyen/data_splits/requirements.txt (line 6)) (0.8.1)
Requirement already satisfied: nvidia-nccl-cu13==2.29.7 in /home/hien/occho/envs/ddi2025-cil/lib/python3.11/site-packages (from torch>=2.5->-r /mnt/data/uyen/data_splits/requirements.txt (line 6)) (2.29.7)
Requirement already satisfied: nvidia-nvshmem-cu13==3.4.5 in /home/hien/occho/envs/ddi2025-cil/lib/python3.11/site-packages (from torch>=2.5->-r /mnt/data/uyen/data_splits/requirements.txt (line 6)) (3.4.5)
Requirement already satisfied: triton==3.7.1 in /home/hien/occho/envs/ddi2025-cil/lib/python3.11/site-packages (from torch>=2.5->-r /mnt/data/uyen/data_splits/requirements.txt (line 6)) (3.7.1)
Requirement already satisfied: nvidia-cuda-runtime==13.0.96.* in /home/hien/occho/envs/ddi2025-cil/lib/python3.11/site-packages (from cuda-toolkit[cudart,cufft,cufile,cupti,curand,cusolver,cusparse,nvjitlink,nvrtc,nvtx]==13.0.2; platform_system == "Linux"->torch>=2.5->-r /mnt/data/uyen/data_splits/requirements.txt (line 6)) (13.0.96)
Requirement already satisfied: nvidia-cufft==12.0.0.61.* in /home/hien/occho/envs/ddi2025-cil/lib/python3.11/site-packages (from cuda-toolkit[cudart,cufft,cufile,cupti,curand,cusolver,cusparse,nvjitlink,nvrtc,nvtx]==13.0.2; platform_system == "Linux"->torch>=2.5->-r /mnt/data/uyen/data_splits/requirements.txt (line 6)) (12.0.0.61)
Requirement already satisfied: nvidia-cufile==1.15.1.6.* in /home/hien/occho/envs/ddi2025-cil/lib/python3.11/site-packages (from cuda-toolkit[cudart,cufft,cufile,cupti,curand,cusolver,cusparse,nvjitlink,nvrtc,nvtx]==13.0.2; platform_system == "Linux"->torch>=2.5->-r /mnt/data/uyen/data_splits/requirements.txt (line 6)) (1.15.1.6)
Requirement already satisfied: nvidia-cuda-cupti==13.0.85.* in /home/hien/occho/envs/ddi2025-cil/lib/python3.11/site-packages (from cuda-toolkit[cudart,cufft,cufile,cupti,curand,cusolver,cusparse,nvjitlink,nvrtc,nvtx]==13.0.2; platform_system == "Linux"->torch>=2.5->-r /mnt/data/uyen/data_splits/requirements.txt (line 6)) (13.0.85)
Requirement already satisfied: nvidia-curand==10.4.0.35.* in /home/hien/occho/envs/ddi2025-cil/lib/python3.11/site-packages (from cuda-toolkit[cudart,cufft,cufile,cupti,curand,cusolver,cusparse,nvjitlink,nvrtc,nvtx]==13.0.2; platform_system == "Linux"->torch>=2.5->-r /mnt/data/uyen/data_splits/requirements.txt (line 6)) (10.4.0.35)
Requirement already satisfied: nvidia-cusolver==12.0.4.66.* in /home/hien/occho/envs/ddi2025-cil/lib/python3.11/site-packages (from cuda-toolkit[cudart,cufft,cufile,cupti,curand,cusolver,cusparse,nvjitlink,nvrtc,nvtx]==13.0.2; platform_system == "Linux"->torch>=2.5->-r /mnt/data/uyen/data_splits/requirements.txt (line 6)) (12.0.4.66)
Requirement already satisfied: nvidia-cusparse==12.6.3.3.* in /home/hien/occho/envs/ddi2025-cil/lib/python3.11/site-packages (from cuda-toolkit[cudart,cufft,cufile,cupti,curand,cusolver,cusparse,nvjitlink,nvrtc,nvtx]==13.0.2; platform_system == "Linux"->torch>=2.5->-r /mnt/data/uyen/data_splits/requirements.txt (line 6)) (12.6.3.3)
Requirement already satisfied: nvidia-nvjitlink==13.0.88.* in /home/hien/occho/envs/ddi2025-cil/lib/python3.11/site-packages (from cuda-toolkit[cudart,cufft,cufile,cupti,curand,cusolver,cusparse,nvjitlink,nvrtc,nvtx]==13.0.2; platform_system == "Linux"->torch>=2.5->-r /mnt/data/uyen/data_splits/requirements.txt (line 6)) (13.0.88)
Requirement already satisfied: nvidia-cuda-nvrtc==13.0.88.* in /home/hien/occho/envs/ddi2025-cil/lib/python3.11/site-packages (from cuda-toolkit[cudart,cufft,cufile,cupti,curand,cusolver,cusparse,nvjitlink,nvrtc,nvtx]==13.0.2; platform_system == "Linux"->torch>=2.5->-r /mnt/data/uyen/data_splits/requirements.txt (line 6)) (13.0.88)
Requirement already satisfied: nvidia-nvtx==13.0.85.* in /home/hien/occho/envs/ddi2025-cil/lib/python3.11/site-packages (from cuda-toolkit[cudart,cufft,cufile,cupti,curand,cusolver,cusparse,nvjitlink,nvrtc,nvtx]==13.0.2; platform_system == "Linux"->torch>=2.5->-r /mnt/data/uyen/data_splits/requirements.txt (line 6)) (13.0.85)
Requirement already satisfied: cuda-pathfinder>=1.4.2 in /home/hien/occho/envs/ddi2025-cil/lib/python3.11/site-packages (from cuda-bindings<14,>=13.0.3->torch>=2.5->-r /mnt/data/uyen/data_splits/requirements.txt (line 6)) (1.5.6)
Requirement already satisfied: six>=1.5 in /home/hien/occho/envs/ddi2025-cil/lib/python3.11/site-packages (from python-dateutil>=2.8.2->pandas>=2.2->-r /mnt/data/uyen/data_splits/requirements.txt (line 2)) (1.17.0)
Requirement already satisfied: mpmath<1.4,>=1.1.0 in /home/hien/occho/envs/ddi2025-cil/lib/python3.11/site-packages (from sympy>=1.13.3->torch>=2.5->-r /mnt/data/uyen/data_splits/requirements.txt (line 6)) (1.3.0)
Requirement already satisfied: MarkupSafe>=2.0 in /home/hien/occho/envs/ddi2025-cil/lib/python3.11/site-packages (from jinja2->torch>=2.5->-r /mnt/data/uyen/data_splits/requirements.txt (line 6)) (3.0.3)
Using cached setuptools-81.0.0-py3-none-any.whl (1.1 MB)
Installing collected packages: setuptools
  Attempting uninstall: setuptools
    Found existing installation: setuptools 83.0.0
    Uninstalling setuptools-83.0.0:
      Successfully uninstalled setuptools-83.0.0
Successfully installed setuptools-81.0.0

[2026-07-08 17:36:30] Running smoke schema audit
[inspect] train: rows=520841, cols=3787, feature_count=3780, class_nunique=178
[inspect] validation: rows=173614, cols=3787, feature_count=3780, class_nunique=178
[inspect] test: rows=173614, cols=3787, feature_count=3780, class_nunique=178
[train] Scanning feature batches (rows=520841, features=3780, batch_size=256)...
[train] batches=1 scanned_rows=256/520841
[train] batches=25 scanned_rows=6400/520841
[train] batches=50 scanned_rows=12800/520841
[train] batches=75 scanned_rows=19200/520841
[train] batches=100 scanned_rows=25600/520841
[train] batches=125 scanned_rows=32000/520841
[train] batches=150 scanned_rows=38400/520841
[train] batches=175 scanned_rows=44800/520841
[train] batches=200 scanned_rows=51200/520841
[train] batches=225 scanned_rows=57600/520841
[train] batches=250 scanned_rows=64000/520841
[train] batches=275 scanned_rows=70400/520841
[train] batches=300 scanned_rows=76800/520841
[train] batches=325 scanned_rows=83200/520841
[train] batches=350 scanned_rows=89600/520841
[train] batches=375 scanned_rows=96000/520841
[train] batches=400 scanned_rows=102400/520841
[train] batches=425 scanned_rows=108800/520841
[train] batches=450 scanned_rows=115200/520841
[train] batches=475 scanned_rows=121600/520841
[train] batches=500 scanned_rows=128000/520841
[train] batches=525 scanned_rows=134400/520841
[train] batches=550 scanned_rows=140800/520841
[train] batches=575 scanned_rows=147200/520841
[train] batches=600 scanned_rows=153600/520841
[train] batches=625 scanned_rows=160000/520841
[train] batches=650 scanned_rows=166400/520841
[train] batches=675 scanned_rows=172800/520841
[train] batches=700 scanned_rows=179200/520841
[train] batches=725 scanned_rows=185600/520841
[train] batches=750 scanned_rows=192000/520841
[train] batches=775 scanned_rows=198400/520841
[train] batches=800 scanned_rows=204800/520841
[train] batches=825 scanned_rows=211200/520841
[train] batches=850 scanned_rows=217600/520841
[train] batches=875 scanned_rows=224000/520841
[train] batches=900 scanned_rows=230400/520841
[train] batches=925 scanned_rows=236800/520841
[train] batches=950 scanned_rows=243200/520841
[train] batches=975 scanned_rows=249600/520841
[train] batches=1000 scanned_rows=256000/520841
[train] batches=1025 scanned_rows=262400/520841
[train] batches=1050 scanned_rows=268800/520841
[train] batches=1075 scanned_rows=275200/520841
[train] batches=1100 scanned_rows=281600/520841
[train] batches=1125 scanned_rows=288000/520841
[train] batches=1150 scanned_rows=294400/520841
[train] batches=1175 scanned_rows=300800/520841
[train] batches=1200 scanned_rows=307200/520841
[train] batches=1225 scanned_rows=313600/520841
[train] batches=1250 scanned_rows=320000/520841
[train] batches=1275 scanned_rows=326400/520841
[train] batches=1300 scanned_rows=332800/520841
[train] batches=1325 scanned_rows=339200/520841
[train] batches=1350 scanned_rows=345600/520841
[train] batches=1375 scanned_rows=352000/520841
[train] batches=1400 scanned_rows=358400/520841
[train] batches=1425 scanned_rows=364800/520841
[train] batches=1450 scanned_rows=371200/520841
[train] batches=1475 scanned_rows=377600/520841
[train] batches=1500 scanned_rows=384000/520841
[train] batches=1525 scanned_rows=390400/520841
[train] batches=1550 scanned_rows=396800/520841
[train] batches=1575 scanned_rows=403200/520841
[train] batches=1600 scanned_rows=409600/520841
[train] batches=1625 scanned_rows=416000/520841
[train] batches=1650 scanned_rows=422400/520841
[train] batches=1675 scanned_rows=428800/520841
[train] batches=1700 scanned_rows=435200/520841
[train] batches=1725 scanned_rows=441600/520841
[train] batches=1750 scanned_rows=448000/520841
[train] batches=1775 scanned_rows=454400/520841
[train] batches=1800 scanned_rows=460800/520841
[train] batches=1825 scanned_rows=467200/520841
[train] batches=1850 scanned_rows=473600/520841
[train] batches=1875 scanned_rows=480000/520841
[train] batches=1900 scanned_rows=486400/520841
[train] batches=1925 scanned_rows=492800/520841
[train] batches=1950 scanned_rows=499200/520841
[train] batches=1975 scanned_rows=505600/520841
[train] batches=2000 scanned_rows=512000/520841
[train] batches=2025 scanned_rows=518400/520841
[validation] Scanning feature batches (rows=173614, features=3780, batch_size=256)...
[validation] batches=1 scanned_rows=256/173614
[validation] batches=25 scanned_rows=6400/173614
[validation] batches=50 scanned_rows=12800/173614
[validation] batches=75 scanned_rows=19200/173614
[validation] batches=100 scanned_rows=25600/173614
[validation] batches=125 scanned_rows=32000/173614
[validation] batches=150 scanned_rows=38400/173614
[validation] batches=175 scanned_rows=44800/173614
[validation] batches=200 scanned_rows=51200/173614
[validation] batches=225 scanned_rows=57600/173614
[validation] batches=250 scanned_rows=64000/173614
[validation] batches=275 scanned_rows=70400/173614
[validation] batches=300 scanned_rows=76800/173614
[validation] batches=325 scanned_rows=83200/173614
[validation] batches=350 scanned_rows=89600/173614
[validation] batches=375 scanned_rows=96000/173614
[validation] batches=400 scanned_rows=102400/173614
[validation] batches=425 scanned_rows=108800/173614
[validation] batches=450 scanned_rows=115200/173614
[validation] batches=475 scanned_rows=121600/173614
[validation] batches=500 scanned_rows=128000/173614
[validation] batches=525 scanned_rows=134400/173614
[validation] batches=550 scanned_rows=140800/173614
[validation] batches=575 scanned_rows=147200/173614
[validation] batches=600 scanned_rows=153600/173614
[validation] batches=625 scanned_rows=160000/173614
[validation] batches=650 scanned_rows=166400/173614
[validation] batches=675 scanned_rows=172800/173614
[test] Scanning feature batches (rows=173614, features=3780, batch_size=256)...
[test] batches=1 scanned_rows=256/173614
[test] batches=25 scanned_rows=6400/173614
[test] batches=50 scanned_rows=12800/173614
[test] batches=75 scanned_rows=19200/173614
[test] batches=100 scanned_rows=25600/173614
[test] batches=125 scanned_rows=32000/173614
[test] batches=150 scanned_rows=38400/173614
[test] batches=175 scanned_rows=44800/173614
[test] batches=200 scanned_rows=51200/173614
[test] batches=225 scanned_rows=57600/173614
[test] batches=250 scanned_rows=64000/173614
[test] batches=275 scanned_rows=70400/173614
[test] batches=300 scanned_rows=76800/173614
[test] batches=325 scanned_rows=83200/173614
[test] batches=350 scanned_rows=89600/173614
[test] batches=375 scanned_rows=96000/173614
[test] batches=400 scanned_rows=102400/173614
[test] batches=425 scanned_rows=108800/173614
[test] batches=450 scanned_rows=115200/173614
[test] batches=475 scanned_rows=121600/173614
[test] batches=500 scanned_rows=128000/173614
[test] batches=525 scanned_rows=134400/173614
[test] batches=550 scanned_rows=140800/173614
[test] batches=575 scanned_rows=147200/173614
[test] batches=600 scanned_rows=153600/173614
[test] batches=625 scanned_rows=160000/173614
[test] batches=650 scanned_rows=166400/173614
[test] batches=675 scanned_rows=172800/173614
[done] Wrote audit artifacts to: /mnt/data/uyen/data_splits/outputs/audit_smoke

[2026-07-08 17:41:06] Running smoke class distribution analysis
[class-dist] Reading train labels from /mnt/data/uyen/data_splits/train_extracted.parquet...
[class-dist] train: num_rows=520841, num_classes=178, min_count=3, max_count=73634
[class-dist] Reading validation labels from /mnt/data/uyen/data_splits/validation_extracted.parquet...
[class-dist] validation: num_rows=173614, num_classes=178, min_count=1, max_count=24545
[class-dist] Reading test labels from /mnt/data/uyen/data_splits/test_extracted.parquet...
[class-dist] test: num_rows=173614, num_classes=178, min_count=1, max_count=24545
[done] Wrote class distribution artifacts to: /mnt/data/uyen/data_splits/outputs/class_distribution_smoke
[done] Wrote figures to: /mnt/data/uyen/data_splits/outputs/figures_smoke

[2026-07-08 17:41:08] Running smoke leakage audit
[leakage] Reading train identity columns from /mnt/data/uyen/data_splits/train_extracted.parquet...
[leakage] train: rows=520841, unique_ordered_pairs=520841, unique_unordered_pairs=520841
[leakage] Reading validation identity columns from /mnt/data/uyen/data_splits/validation_extracted.parquet...
[leakage] validation: rows=173614, unique_ordered_pairs=173614, unique_unordered_pairs=173614
[leakage] Reading test identity columns from /mnt/data/uyen/data_splits/test_extracted.parquet...
[leakage] test: rows=173614, unique_ordered_pairs=173614, unique_unordered_pairs=173614
[leakage] Comparing train vs validation...
[leakage] Comparing train vs test...
[leakage] Comparing validation vs test...
[done] Wrote leakage artifacts to: /mnt/data/uyen/data_splits/outputs/leakage_smoke

[2026-07-08 17:46:02] Running smoke preprocessing fit
[preprocess] feature_count=3780 scaler=standard impute_strategy=zero
[preprocess] Scanning non-finite stats for train...
[preprocess] train: batches=1 rows_scanned=256/520841
[preprocess] Scanning non-finite stats for validation...
[preprocess] validation: batches=1 rows_scanned=256/173614
[preprocess] Scanning non-finite stats for test...
[preprocess] test: batches=1 rows_scanned=256/173614
[preprocess] Fitting standard scaler on train split only...
[preprocess] standard(zero) fit: batches=1 rows_scanned=256/520841
[done] Wrote preprocessing artifacts to: /mnt/data/uyen/data_splits/outputs/preprocess_smoke

[2026-07-08 17:46:08] Running smoke task builder
[tasks] Building random protocol for seed=0...
[done] Wrote task artifacts to: /mnt/data/uyen/data_splits/outputs/tasks_smoke

[2026-07-08 17:46:08] Running smoke static MLP-base baseline
[2026-07-08T17:46:10] Static training started on device=cuda
[2026-07-08T17:46:10] variant=small batch_size=128 epochs=1 lr=0.001 weight_decay=0.0001 seed=0
[2026-07-08T17:46:14] epoch=1/1 train_loss=3.390034 val_loss=2.876017 val_macro_f1=0.024887 val_bal_acc=0.032048 lr=0.001
[2026-07-08T17:46:14] Saved best checkpoint at epoch=1 val_macro_f1=0.024887
[2026-07-08T17:46:14] finished best_epoch=1 test_macro_f1=0.029557 test_bal_acc=0.038702

[2026-07-08 17:46:15] Running smoke CIL sequential baseline
[2026-07-08T17:46:16] CIL training started method=sequential tasks=8 device=cuda
[2026-07-08T17:46:16] task_id=0 current_classes=38 seen_classes=38
[2026-07-08T17:46:22] task=0 epoch=1/1 train_loss=0.774606 val_loss=0.537924 val_macro_f1=0.168489 val_bal_acc=0.166690
[2026-07-08T17:46:22] task=0 epoch=1 checkpoint=/mnt/data/uyen/data_splits/outputs/runs_smoke/random_seed0_sequential_mlpbase/checkpoints/task_0_model.pt
[2026-07-08T17:46:23] task=0 seen_macro_f1=0.142062 seen_bal_acc=0.143459
[2026-07-08T17:46:23] task_id=1 current_classes=20 seen_classes=58
[2026-07-08T17:46:25] task=1 epoch=1/1 train_loss=1.631672 val_loss=2.557203 val_macro_f1=0.042612 val_bal_acc=0.061899
[2026-07-08T17:46:25] task=1 epoch=1 checkpoint=/mnt/data/uyen/data_splits/outputs/runs_smoke/random_seed0_sequential_mlpbase/checkpoints/task_1_model.pt
/home/hien/occho/envs/ddi2025-cil/lib/python3.11/site-packages/sklearn/metrics/_classification.py:2939: UserWarning: y_pred contains classes not in y_true
  warnings.warn("y_pred contains classes not in y_true")
[2026-07-08T17:46:26] task=1 seen_macro_f1=0.039437 seen_bal_acc=0.060975
[2026-07-08T17:46:26] task_id=2 current_classes=20 seen_classes=78
/home/hien/occho/envs/ddi2025-cil/lib/python3.11/site-packages/sklearn/metrics/_classification.py:2939: UserWarning: y_pred contains classes not in y_true
  warnings.warn("y_pred contains classes not in y_true")
[2026-07-08T17:46:49] task=2 epoch=1/1 train_loss=1.590327 val_loss=6.260332 val_macro_f1=0.010674 val_bal_acc=0.103782
[2026-07-08T17:46:49] task=2 epoch=1 checkpoint=/mnt/data/uyen/data_splits/outputs/runs_smoke/random_seed0_sequential_mlpbase/checkpoints/task_2_model.pt
/home/hien/occho/envs/ddi2025-cil/lib/python3.11/site-packages/sklearn/metrics/_classification.py:2939: UserWarning: y_pred contains classes not in y_true
  warnings.warn("y_pred contains classes not in y_true")
/home/hien/occho/envs/ddi2025-cil/lib/python3.11/site-packages/sklearn/metrics/_classification.py:2939: UserWarning: y_pred contains classes not in y_true
  warnings.warn("y_pred contains classes not in y_true")
[2026-07-08T17:46:55] task=2 seen_macro_f1=0.012182 seen_bal_acc=0.141982
[2026-07-08T17:46:55] task_id=3 current_classes=20 seen_classes=98
[2026-07-08T17:46:57] task=3 epoch=1/1 train_loss=2.332809 val_loss=5.993679 val_macro_f1=0.031805 val_bal_acc=0.053908
[2026-07-08T17:46:57] task=3 epoch=1 checkpoint=/mnt/data/uyen/data_splits/outputs/runs_smoke/random_seed0_sequential_mlpbase/checkpoints/task_3_model.pt
/home/hien/occho/envs/ddi2025-cil/lib/python3.11/site-packages/sklearn/metrics/_classification.py:2939: UserWarning: y_pred contains classes not in y_true
  warnings.warn("y_pred contains classes not in y_true")
/home/hien/occho/envs/ddi2025-cil/lib/python3.11/site-packages/sklearn/metrics/_classification.py:2939: UserWarning: y_pred contains classes not in y_true
  warnings.warn("y_pred contains classes not in y_true")
/home/hien/occho/envs/ddi2025-cil/lib/python3.11/site-packages/sklearn/metrics/_classification.py:2939: UserWarning: y_pred contains classes not in y_true
  warnings.warn("y_pred contains classes not in y_true")
[2026-07-08T17:47:00] task=3 seen_macro_f1=0.028673 seen_bal_acc=0.053414
[2026-07-08T17:47:00] task_id=4 current_classes=20 seen_classes=118
[2026-07-08T17:47:04] task=4 epoch=1/1 train_loss=1.508681 val_loss=8.300807 val_macro_f1=0.007839 val_bal_acc=0.041331
[2026-07-08T17:47:04] task=4 epoch=1 checkpoint=/mnt/data/uyen/data_splits/outputs/runs_smoke/random_seed0_sequential_mlpbase/checkpoints/task_4_model.pt
/home/hien/occho/envs/ddi2025-cil/lib/python3.11/site-packages/sklearn/metrics/_classification.py:2939: UserWarning: y_pred contains classes not in y_true
  warnings.warn("y_pred contains classes not in y_true")
/home/hien/occho/envs/ddi2025-cil/lib/python3.11/site-packages/sklearn/metrics/_classification.py:2939: UserWarning: y_pred contains classes not in y_true
  warnings.warn("y_pred contains classes not in y_true")
/home/hien/occho/envs/ddi2025-cil/lib/python3.11/site-packages/sklearn/metrics/_classification.py:2939: UserWarning: y_pred contains classes not in y_true
  warnings.warn("y_pred contains classes not in y_true")
/home/hien/occho/envs/ddi2025-cil/lib/python3.11/site-packages/sklearn/metrics/_classification.py:2939: UserWarning: y_pred contains classes not in y_true
  warnings.warn("y_pred contains classes not in y_true")
[2026-07-08T17:47:09] task=4 seen_macro_f1=0.005807 seen_bal_acc=0.037143
[2026-07-08T17:47:09] task_id=5 current_classes=20 seen_classes=138
[2026-07-08T17:47:11] task=5 epoch=1/1 train_loss=2.216704 val_loss=8.785834 val_macro_f1=0.020992 val_bal_acc=0.061818
[2026-07-08T17:47:11] task=5 epoch=1 checkpoint=/mnt/data/uyen/data_splits/outputs/runs_smoke/random_seed0_sequential_mlpbase/checkpoints/task_5_model.pt
/home/hien/occho/envs/ddi2025-cil/lib/python3.11/site-packages/sklearn/metrics/_classification.py:2939: UserWarning: y_pred contains classes not in y_true
  warnings.warn("y_pred contains classes not in y_true")
/home/hien/occho/envs/ddi2025-cil/lib/python3.11/site-packages/sklearn/metrics/_classification.py:2939: UserWarning: y_pred contains classes not in y_true
  warnings.warn("y_pred contains classes not in y_true")
/home/hien/occho/envs/ddi2025-cil/lib/python3.11/site-packages/sklearn/metrics/_classification.py:2939: UserWarning: y_pred contains classes not in y_true
  warnings.warn("y_pred contains classes not in y_true")
/home/hien/occho/envs/ddi2025-cil/lib/python3.11/site-packages/sklearn/metrics/_classification.py:2939: UserWarning: y_pred contains classes not in y_true
  warnings.warn("y_pred contains classes not in y_true")
/home/hien/occho/envs/ddi2025-cil/lib/python3.11/site-packages/sklearn/metrics/_classification.py:2939: UserWarning: y_pred contains classes not in y_true
  warnings.warn("y_pred contains classes not in y_true")
[2026-07-08T17:47:16] task=5 seen_macro_f1=0.020717 seen_bal_acc=0.062186
[2026-07-08T17:47:16] task_id=6 current_classes=20 seen_classes=158
[2026-07-08T17:47:17] task=6 epoch=1/1 train_loss=2.314371 val_loss=8.357327 val_macro_f1=0.010733 val_bal_acc=0.027975
[2026-07-08T17:47:17] task=6 epoch=1 checkpoint=/mnt/data/uyen/data_splits/outputs/runs_smoke/random_seed0_sequential_mlpbase/checkpoints/task_6_model.pt
/home/hien/occho/envs/ddi2025-cil/lib/python3.11/site-packages/sklearn/metrics/_classification.py:2939: UserWarning: y_pred contains classes not in y_true
  warnings.warn("y_pred contains classes not in y_true")
/home/hien/occho/envs/ddi2025-cil/lib/python3.11/site-packages/sklearn/metrics/_classification.py:2939: UserWarning: y_pred contains classes not in y_true
  warnings.warn("y_pred contains classes not in y_true")
/home/hien/occho/envs/ddi2025-cil/lib/python3.11/site-packages/sklearn/metrics/_classification.py:2939: UserWarning: y_pred contains classes not in y_true
  warnings.warn("y_pred contains classes not in y_true")
/home/hien/occho/envs/ddi2025-cil/lib/python3.11/site-packages/sklearn/metrics/_classification.py:2939: UserWarning: y_pred contains classes not in y_true
  warnings.warn("y_pred contains classes not in y_true")
/home/hien/occho/envs/ddi2025-cil/lib/python3.11/site-packages/sklearn/metrics/_classification.py:2939: UserWarning: y_pred contains classes not in y_true
  warnings.warn("y_pred contains classes not in y_true")
/home/hien/occho/envs/ddi2025-cil/lib/python3.11/site-packages/sklearn/metrics/_classification.py:2939: UserWarning: y_pred contains classes not in y_true
  warnings.warn("y_pred contains classes not in y_true")
[2026-07-08T17:47:22] task=6 seen_macro_f1=0.011231 seen_bal_acc=0.027360
[2026-07-08T17:47:22] task_id=7 current_classes=20 seen_classes=178
[2026-07-08T17:47:26] task=7 epoch=1/1 train_loss=2.360516 val_loss=10.369239 val_macro_f1=0.002279 val_bal_acc=0.037662
[2026-07-08T17:47:26] task=7 epoch=1 checkpoint=/mnt/data/uyen/data_splits/outputs/runs_smoke/random_seed0_sequential_mlpbase/checkpoints/task_7_model.pt
/home/hien/occho/envs/ddi2025-cil/lib/python3.11/site-packages/sklearn/metrics/_classification.py:2939: UserWarning: y_pred contains classes not in y_true
  warnings.warn("y_pred contains classes not in y_true")
/home/hien/occho/envs/ddi2025-cil/lib/python3.11/site-packages/sklearn/metrics/_classification.py:2939: UserWarning: y_pred contains classes not in y_true
  warnings.warn("y_pred contains classes not in y_true")
/home/hien/occho/envs/ddi2025-cil/lib/python3.11/site-packages/sklearn/metrics/_classification.py:2939: UserWarning: y_pred contains classes not in y_true
  warnings.warn("y_pred contains classes not in y_true")
/home/hien/occho/envs/ddi2025-cil/lib/python3.11/site-packages/sklearn/metrics/_classification.py:2939: UserWarning: y_pred contains classes not in y_true
  warnings.warn("y_pred contains classes not in y_true")
/home/hien/occho/envs/ddi2025-cil/lib/python3.11/site-packages/sklearn/metrics/_classification.py:2939: UserWarning: y_pred contains classes not in y_true
  warnings.warn("y_pred contains classes not in y_true")
/home/hien/occho/envs/ddi2025-cil/lib/python3.11/site-packages/sklearn/metrics/_classification.py:2939: UserWarning: y_pred contains classes not in y_true
  warnings.warn("y_pred contains classes not in y_true")
/home/hien/occho/envs/ddi2025-cil/lib/python3.11/site-packages/sklearn/metrics/_classification.py:2939: UserWarning: y_pred contains classes not in y_true
  warnings.warn("y_pred contains classes not in y_true")
/home/hien/occho/envs/ddi2025-cil/lib/python3.11/site-packages/sklearn/metrics/_classification.py:2939: UserWarning: y_pred contains classes not in y_true
  warnings.warn("y_pred contains classes not in y_true")
[2026-07-08T17:47:32] task=7 seen_macro_f1=0.002827 seen_bal_acc=0.040580

[2026-07-08 17:47:33] Smoke pipeline completed
