[preprocess] feature_count=3780 scaler=standard impute_strategy=zero
[preprocess] Scanning non-finite stats for train...
[preprocess] train: batches=1 rows_scanned=1024/520841
[preprocess] train: batches=25 rows_scanned=25600/520841
[preprocess] train: batches=50 rows_scanned=51200/520841
[preprocess] train: batches=75 rows_scanned=76800/520841
[preprocess] train: batches=100 rows_scanned=102400/520841
[preprocess] train: batches=125 rows_scanned=128000/520841
[preprocess] train: batches=150 rows_scanned=153600/520841
[preprocess] train: batches=175 rows_scanned=179200/520841
[preprocess] train: batches=200 rows_scanned=204800/520841
[preprocess] train: batches=225 rows_scanned=230400/520841
[preprocess] train: batches=250 rows_scanned=256000/520841
[preprocess] train: batches=275 rows_scanned=281600/520841
[preprocess] train: batches=300 rows_scanned=307200/520841
[preprocess] train: batches=325 rows_scanned=332800/520841
[preprocess] train: batches=350 rows_scanned=358400/520841
[preprocess] train: batches=375 rows_scanned=384000/520841
[preprocess] train: batches=400 rows_scanned=409600/520841
[preprocess] train: batches=425 rows_scanned=435200/520841
[preprocess] train: batches=450 rows_scanned=460800/520841
[preprocess] train: batches=475 rows_scanned=486400/520841
[preprocess] train: batches=500 rows_scanned=512000/520841
[preprocess] Scanning non-finite stats for validation...
[preprocess] validation: batches=1 rows_scanned=1024/173614
[preprocess] validation: batches=25 rows_scanned=25600/173614
[preprocess] validation: batches=50 rows_scanned=51200/173614
[preprocess] validation: batches=75 rows_scanned=76800/173614
[preprocess] validation: batches=100 rows_scanned=102400/173614
[preprocess] validation: batches=125 rows_scanned=128000/173614
[preprocess] validation: batches=150 rows_scanned=153600/173614
[preprocess] Scanning non-finite stats for test...
[preprocess] test: batches=1 rows_scanned=1024/173614
[preprocess] test: batches=25 rows_scanned=25600/173614
[preprocess] test: batches=50 rows_scanned=51200/173614
[preprocess] test: batches=75 rows_scanned=76800/173614
[preprocess] test: batches=100 rows_scanned=102400/173614
[preprocess] test: batches=125 rows_scanned=128000/173614
[preprocess] test: batches=150 rows_scanned=153600/173614
[preprocess] Fitting standard scaler on train split only...
[preprocess] standard(zero) fit: batches=1 rows_scanned=1024/520841
[preprocess] standard(zero) fit: batches=25 rows_scanned=25600/520841
[preprocess] standard(zero) fit: batches=50 rows_scanned=51200/520841
[preprocess] standard(zero) fit: batches=75 rows_scanned=76800/520841
[preprocess] standard(zero) fit: batches=100 rows_scanned=102400/520841
[preprocess] standard(zero) fit: batches=125 rows_scanned=128000/520841
[preprocess] standard(zero) fit: batches=150 rows_scanned=153600/520841
[preprocess] standard(zero) fit: batches=175 rows_scanned=179200/520841
[preprocess] standard(zero) fit: batches=200 rows_scanned=204800/520841
[preprocess] standard(zero) fit: batches=225 rows_scanned=230400/520841
[preprocess] standard(zero) fit: batches=250 rows_scanned=256000/520841
[preprocess] standard(zero) fit: batches=275 rows_scanned=281600/520841
[preprocess] standard(zero) fit: batches=300 rows_scanned=307200/520841
[preprocess] standard(zero) fit: batches=325 rows_scanned=332800/520841
[preprocess] standard(zero) fit: batches=350 rows_scanned=358400/520841
[preprocess] standard(zero) fit: batches=375 rows_scanned=384000/520841
[preprocess] standard(zero) fit: batches=400 rows_scanned=409600/520841
[preprocess] standard(zero) fit: batches=425 rows_scanned=435200/520841
[preprocess] standard(zero) fit: batches=450 rows_scanned=460800/520841
[preprocess] standard(zero) fit: batches=475 rows_scanned=486400/520841
[preprocess] standard(zero) fit: batches=500 rows_scanned=512000/520841
[done] Wrote preprocessing artifacts to: /mnt/data/uyen/data_splits/outputs/preprocess
