[inspect] train: rows=520841, cols=3787, feature_count=3780, class_nunique=178
[inspect] validation: rows=173614, cols=3787, feature_count=3780, class_nunique=178
[inspect] test: rows=173614, cols=3787, feature_count=3780, class_nunique=178
[train] Scanning feature batches (rows=520841, features=3780, batch_size=256)...
[train] batches=1 scanned_rows=256/520841
[train] batches=25 scanned_rows=6400/520841
[train] batches=50 scanned_rows=12800/520841
[train] batches=75 scanned_rows=19200/520841
[train] batches=100 scanned_rows=25600/520841
[train] batches=125 scanned_rows=32000/520841
[train] batches=150 scanned_rows=38400/520841
[train] batches=175 scanned_rows=44800/520841
[train] batches=200 scanned_rows=51200/520841
[train] batches=225 scanned_rows=57600/520841
[train] batches=250 scanned_rows=64000/520841
[train] batches=275 scanned_rows=70400/520841
[train] batches=300 scanned_rows=76800/520841
[train] batches=325 scanned_rows=83200/520841
[train] batches=350 scanned_rows=89600/520841
[train] batches=375 scanned_rows=96000/520841
[train] batches=400 scanned_rows=102400/520841
[train] batches=425 scanned_rows=108800/520841
[train] batches=450 scanned_rows=115200/520841
[train] batches=475 scanned_rows=121600/520841
[train] batches=500 scanned_rows=128000/520841
[train] batches=525 scanned_rows=134400/520841
[train] batches=550 scanned_rows=140800/520841
[train] batches=575 scanned_rows=147200/520841
[train] batches=600 scanned_rows=153600/520841
[train] batches=625 scanned_rows=160000/520841
[train] batches=650 scanned_rows=166400/520841
[train] batches=675 scanned_rows=172800/520841
[train] batches=700 scanned_rows=179200/520841
[train] batches=725 scanned_rows=185600/520841
[train] batches=750 scanned_rows=192000/520841
[train] batches=775 scanned_rows=198400/520841
[train] batches=800 scanned_rows=204800/520841
[train] batches=825 scanned_rows=211200/520841
[train] batches=850 scanned_rows=217600/520841
[train] batches=875 scanned_rows=224000/520841
[train] batches=900 scanned_rows=230400/520841
[train] batches=925 scanned_rows=236800/520841
[train] batches=950 scanned_rows=243200/520841
[train] batches=975 scanned_rows=249600/520841
[train] batches=1000 scanned_rows=256000/520841
[train] batches=1025 scanned_rows=262400/520841
[train] batches=1050 scanned_rows=268800/520841
[train] batches=1075 scanned_rows=275200/520841
[train] batches=1100 scanned_rows=281600/520841
[train] batches=1125 scanned_rows=288000/520841
[train] batches=1150 scanned_rows=294400/520841
[train] batches=1175 scanned_rows=300800/520841
[train] batches=1200 scanned_rows=307200/520841
[train] batches=1225 scanned_rows=313600/520841
[train] batches=1250 scanned_rows=320000/520841
[train] batches=1275 scanned_rows=326400/520841
[train] batches=1300 scanned_rows=332800/520841
[train] batches=1325 scanned_rows=339200/520841
[train] batches=1350 scanned_rows=345600/520841
[train] batches=1375 scanned_rows=352000/520841
[train] batches=1400 scanned_rows=358400/520841
[train] batches=1425 scanned_rows=364800/520841
[train] batches=1450 scanned_rows=371200/520841
[train] batches=1475 scanned_rows=377600/520841
[train] batches=1500 scanned_rows=384000/520841
[train] batches=1525 scanned_rows=390400/520841
[train] batches=1550 scanned_rows=396800/520841
[train] batches=1575 scanned_rows=403200/520841
[train] batches=1600 scanned_rows=409600/520841
[train] batches=1625 scanned_rows=416000/520841
[train] batches=1650 scanned_rows=422400/520841
[train] batches=1675 scanned_rows=428800/520841
[train] batches=1700 scanned_rows=435200/520841
[train] batches=1725 scanned_rows=441600/520841
[train] batches=1750 scanned_rows=448000/520841
[train] batches=1775 scanned_rows=454400/520841
[train] batches=1800 scanned_rows=460800/520841
[train] batches=1825 scanned_rows=467200/520841
[train] batches=1850 scanned_rows=473600/520841
[train] batches=1875 scanned_rows=480000/520841
[train] batches=1900 scanned_rows=486400/520841
[train] batches=1925 scanned_rows=492800/520841
[train] batches=1950 scanned_rows=499200/520841
[train] batches=1975 scanned_rows=505600/520841
[train] batches=2000 scanned_rows=512000/520841
[train] batches=2025 scanned_rows=518400/520841
[validation] Scanning feature batches (rows=173614, features=3780, batch_size=256)...
[validation] batches=1 scanned_rows=256/173614
[validation] batches=25 scanned_rows=6400/173614
[validation] batches=50 scanned_rows=12800/173614
[validation] batches=75 scanned_rows=19200/173614
[validation] batches=100 scanned_rows=25600/173614
[validation] batches=125 scanned_rows=32000/173614
[validation] batches=150 scanned_rows=38400/173614
[validation] batches=175 scanned_rows=44800/173614
[validation] batches=200 scanned_rows=51200/173614
[validation] batches=225 scanned_rows=57600/173614
[validation] batches=250 scanned_rows=64000/173614
[validation] batches=275 scanned_rows=70400/173614
[validation] batches=300 scanned_rows=76800/173614
[validation] batches=325 scanned_rows=83200/173614
[validation] batches=350 scanned_rows=89600/173614
[validation] batches=375 scanned_rows=96000/173614
[validation] batches=400 scanned_rows=102400/173614
[validation] batches=425 scanned_rows=108800/173614
[validation] batches=450 scanned_rows=115200/173614
[validation] batches=475 scanned_rows=121600/173614
[validation] batches=500 scanned_rows=128000/173614
[validation] batches=525 scanned_rows=134400/173614
[validation] batches=550 scanned_rows=140800/173614
[validation] batches=575 scanned_rows=147200/173614
[validation] batches=600 scanned_rows=153600/173614
[validation] batches=625 scanned_rows=160000/173614
[validation] batches=650 scanned_rows=166400/173614
[validation] batches=675 scanned_rows=172800/173614
[test] Scanning feature batches (rows=173614, features=3780, batch_size=256)...
[test] batches=1 scanned_rows=256/173614
[test] batches=25 scanned_rows=6400/173614
[test] batches=50 scanned_rows=12800/173614
[test] batches=75 scanned_rows=19200/173614
[test] batches=100 scanned_rows=25600/173614
[test] batches=125 scanned_rows=32000/173614
[test] batches=150 scanned_rows=38400/173614
[test] batches=175 scanned_rows=44800/173614
[test] batches=200 scanned_rows=51200/173614
[test] batches=225 scanned_rows=57600/173614
[test] batches=250 scanned_rows=64000/173614
[test] batches=275 scanned_rows=70400/173614
[test] batches=300 scanned_rows=76800/173614
[test] batches=325 scanned_rows=83200/173614
[test] batches=350 scanned_rows=89600/173614
[test] batches=375 scanned_rows=96000/173614
[test] batches=400 scanned_rows=102400/173614
[test] batches=425 scanned_rows=108800/173614
[test] batches=450 scanned_rows=115200/173614
[test] batches=475 scanned_rows=121600/173614
[test] batches=500 scanned_rows=128000/173614
[test] batches=525 scanned_rows=134400/173614
[test] batches=550 scanned_rows=140800/173614
[test] batches=575 scanned_rows=147200/173614
[test] batches=600 scanned_rows=153600/173614
[test] batches=625 scanned_rows=160000/173614
[test] batches=650 scanned_rows=166400/173614
[test] batches=675 scanned_rows=172800/173614
[done] Wrote audit artifacts to: /mnt/data/uyen/data_splits/outputs/audit_smoke
